
> eldery_care@0.1.0 test
> jest

node.exe : FAIL __tests__/doctor-patient-note-services.test.ts
At line:1 char:1
+ & "C:\Program Files\nodejs/node.exe" "C:\Program Files\nodejs/node_mo ...
+ ~~~~~~~~~~~~~~~~~~~~~~~~~~~~~~~~~~~~~~~~~~~~~~~~~~~~~~~~~~~~~~~~~~~~~
    + CategoryInfo          : NotSpecified: (FAIL __tests__/...ervices.test.ts 
   :String) [], RemoteException
    + FullyQualifiedErrorId : NativeCommandError
 
  ÔùÅ doctorService ÔÇ║ adds doctor with generated avatar and removes doctor

    expect(received).toBe(expected) // Object.is equality

    Expected: "JS"
    Received: undefined

    [0m [90m 12 |[39m     })[33m;[39m
     [90m 13 |[39m
    [31m[1m>[22m[39m[90m 14 |[39m     
expect(created[33m.[39mavatar)[33m.[39mtoBe([32m"JS"[39m)[33m;[39m
     [90m    |[39m                            [31m[1m^[22m[39m
     [90m 15 |[39m     expect(doctorService[33m.[39mgetById(created[33m.[
39mid)[33m?[39m[33m.[39mname)[33m.[39mtoBe([32m"Jane 
Smith"[39m)[33m;[39m
     [90m 16 |[39m
     [90m 17 |[39m     
doctorService[33m.[39mremove(created[33m.[39mid)[33m;[39m[0m

      at Object.toBe (__tests__/doctor-patient-note-services.test.ts:14:28)

  ÔùÅ patientService ÔÇ║ updates patient metrics and appends to history

    TypeError: Cannot read properties of undefined (reading 'length')

    [0m [90m 25 |[39m     expect(patient)[33m.[39mtoBeDefined()[33m;[39m
     [90m 26 |[39m
    [31m[1m>[22m[39m[90m 27 |[39m     [36mconst[39m 
previousHistoryLength [33m=[39m 
patient[33m![39m[33m.[39mmetricsHistory[33m.[39mlength[33m;[39m
     [90m    |[39m                                                           
[31m[1m^[22m[39m
     [90m 28 |[39m     [36mconst[39m updated [33m=[39m 
patientService[33m.[39mupdateMetrics([32m"1"[39m[33m,[39m {
     [90m 29 |[39m       
[33m...[39mpatient[33m![39m[33m.[39mmetrics[33m,[39m
     [90m 30 |[39m       weight[33m:[39m 
patient[33m![39m[33m.[39mmetrics[33m.[39mweight [33m+[39m 
[35m1[39m[33m,[39m[0m

      at Object.length (__tests__/doctor-patient-note-services.test.ts:27:59)

  ÔùÅ patientService ÔÇ║ returns undefined for missing patient

    expect(received).toBeUndefined()

    Received: Promise {}

    [0m [90m 37 |[39m
     [90m 38 |[39m   it([32m"returns undefined for missing 
patient"[39m[33m,[39m () [33m=>[39m {
    [31m[1m>[22m[39m[90m 39 |[39m     expect(patientService[33m.[39mget
ById([32m"missing"[39m))[33m.[39mtoBeUndefined()[33m;[39m
     [90m    |[39m                                               
[31m[1m^[22m[39m
     [90m 40 |[39m     expect(
     [90m 41 |[39m       
patientService[33m.[39mupdateMetrics([32m"missing"[39m[33m,[39m {
     [90m 42 |[39m         date[33m:[39m 
[32m"2026-01-01"[39m[33m,[39m[0m

      at Object.toBeUndefined 
(__tests__/doctor-patient-note-services.test.ts:39:47)

  ÔùÅ noteService ÔÇ║ stores and retrieves notes by patient id

    expect(received).toBe(expected) // Object.is equality

    Expected: "New note"
    Received: undefined

    [0m [90m 62 |[39m     [36mconst[39m notes [33m=[39m 
noteService[33m.[39mgetAllByPatientId()[33m;[39m
     [90m 63 |[39m
    [31m[1m>[22m[39m[90m 64 |[39m     
expect(notes[[32m"1"[39m])[33m.[39mtoBe([32m"New note"[39m)[33m;[39m
     [90m    |[39m                        [31m[1m^[22m[39m
     [90m 65 |[39m   })[33m;[39m
     [90m 66 |[39m })[33m;[39m
     [90m 67 |[39m[0m

      at Object.toBe (__tests__/doctor-patient-note-services.test.ts:64:24)

FAIL __tests__/validation.test.ts
  ÔùÅ validation ÔÇ║ validates doctor form and sanitizes output

    expect(received).toBe(expected) // Object.is equality

    Expected: true
    Received: false

    [0m [90m 88 |[39m       phone[33m:[39m [32m"+1 
555-000-1234"[39m[33m,[39m
     [90m 89 |[39m     })[33m;[39m
    [31m[1m>[22m[39m[90m 90 |[39m     
expect(valid[33m.[39misValid)[33m.[39mtoBe([36mtrue[39m)[33m;[39m
     [90m    |[39m                           [31m[1m^[22m[39m
     [90m 91 |[39m     
expect(valid[33m.[39msanitized[33m.[39mname)[33m.[39mtoBe([32m"Ana 
Maria"[39m)[33m;[39m
     [90m 92 |[39m     expect(valid[33m.[39msanitized[33m.[39memail)[33m
.[39mtoBe([32m"ana@mail.com"[39m)[33m;[39m
     [90m 93 |[39m   })[33m;[39m[0m

      at Object.toBe (__tests__/validation.test.ts:90:27)

  ÔùÅ validation ÔÇ║ validates username and password change forms

    expect(received).toBe(expected) // Object.is equality

    Expected: true
    Received: false

    [0m [90m 107 |[39m       newPassword[33m:[39m 
[32m"newpass123"[39m[33m,[39m
     [90m 108 |[39m     })[33m;[39m
    [31m[1m>[22m[39m[90m 109 |[39m     
expect(pwdValid[33m.[39misValid)[33m.[39mtoBe([36mtrue[39m)[33m;[39m
     [90m     |[39m                              [31m[1m^[22m[39m
     [90m 110 |[39m   })[33m;[39m
     [90m 111 |[39m
     [90m 112 |[39m   it([32m"validates doctor notes max 
length"[39m[33m,[39m () [33m=>[39m {[0m

      at Object.toBe (__tests__/validation.test.ts:109:30)

FAIL tests_playwright/login.spec.ts
  ÔùÅ Test suite failed to run

    TypeError: Class extends value undefined is not a constructor or null

    [0m [90m 3 |[39m [36mconst[39m fillInputStable [33m=[39m 
[36masync[39m (input[33m:[39m [33mLocator[39m[33m,[39m 
value[33m:[39m string) [33m=>[39m {
     [90m 4 |[39m   [36mfor[39m ([36mlet[39m i [33m=[39m 
[35m0[39m[33m;[39m i [33m<[39m [35m4[39m[33m;[39m i[33m++[39m) {
    [31m[1m>[22m[39m[90m 5 |[39m     [36mawait[39m 
input[33m.[39mfill(value)[33m;[39m
     [90m   |[39m               [31m[1m^[22m[39m
     [90m 6 |[39m     [36mif[39m (([36mawait[39m 
input[33m.[39minputValue()) [33m===[39m value) {
     [90m 7 |[39m       [36mreturn[39m[33m;[39m
     [90m 8 |[39m     }[0m

      at Object.<anonymous> 
(node_modules/playwright-core/lib/mcpBundleImpl/index.js:119:3983)
      at Object.<anonymous> 
(node_modules/playwright-core/lib/mcpBundle.js:49:22)
      at Object.<anonymous> 
(node_modules/playwright-core/lib/server/utils/nodePlatform.js:45:24)
      at Object.<anonymous> (node_modules/playwright-core/lib/utils.js:56:27)
      at Object.<anonymous> 
(node_modules/playwright-core/lib/server/registry/index.js:48:20)
      at Object.<anonymous> 
(node_modules/playwright-core/lib/server/index.js:37:23)
      at Object.<anonymous> 
(node_modules/playwright-core/lib/remote/playwrightConnection.js:24:21)
      at Object.<anonymous> 
(node_modules/playwright-core/lib/remote/playwrightServer.js:24:35)
      at Object.<anonymous> 
(node_modules/playwright-core/lib/androidServerImpl.js:24:31)
      at Object.<anonymous> 
(node_modules/playwright-core/lib/inProcessFactory.js:24:32)
      at Object.<anonymous> 
(node_modules/playwright-core/lib/inprocess.js:2:31)
      at Object.<anonymous> (node_modules/playwright-core/index.js:32:18)
      at Object.<anonymous> (node_modules/playwright/lib/index.js:41:33)
      at Object.<anonymous> (node_modules/playwright/test.js:17:13)
      at Object.<anonymous> (node_modules/@playwright/test/index.js:17:18)
      at Object.<anonymous> (tests_playwright/login.spec.ts:5:15)

FAIL tests_playwright/appointment-scheduling.spec.ts
  ÔùÅ Test suite failed to run

    TypeError: Class extends value undefined is not a constructor or null

    [0m [90m 3 |[39m [36mconst[39m fillInputStable [33m=[39m 
[36masync[39m (input[33m:[39m [33mLocator[39m[33m,[39m 
value[33m:[39m string) [33m=>[39m {
     [90m 4 |[39m   [36mfor[39m ([36mlet[39m i [33m=[39m 
[35m0[39m[33m;[39m i [33m<[39m [35m4[39m[33m;[39m i[33m++[39m) {
    [31m[1m>[22m[39m[90m 5 |[39m     [36mawait[39m 
input[33m.[39mfill(value)[33m;[39m
     [90m   |[39m               [31m[1m^[22m[39m
     [90m 6 |[39m     [36mif[39m (([36mawait[39m 
input[33m.[39minputValue()) [33m===[39m value) {
     [90m 7 |[39m       [36mreturn[39m[33m;[39m
     [90m 8 |[39m     }[0m

      at Object.<anonymous> 
(node_modules/playwright-core/lib/mcpBundleImpl/index.js:119:3983)
      at Object.<anonymous> 
(node_modules/playwright-core/lib/mcpBundle.js:49:22)
      at Object.<anonymous> 
(node_modules/playwright-core/lib/server/utils/nodePlatform.js:45:24)
      at Object.<anonymous> (node_modules/playwright-core/lib/utils.js:56:27)
      at Object.<anonymous> 
(node_modules/playwright-core/lib/server/registry/index.js:48:20)
      at Object.<anonymous> 
(node_modules/playwright-core/lib/server/index.js:37:23)
      at Object.<anonymous> 
(node_modules/playwright-core/lib/remote/playwrightConnection.js:24:21)
      at Object.<anonymous> 
(node_modules/playwright-core/lib/remote/playwrightServer.js:24:35)
      at Object.<anonymous> 
(node_modules/playwright-core/lib/androidServerImpl.js:24:31)
      at Object.<anonymous> 
(node_modules/playwright-core/lib/inProcessFactory.js:24:32)
      at Object.<anonymous> 
(node_modules/playwright-core/lib/inprocess.js:2:31)
      at Object.<anonymous> (node_modules/playwright-core/index.js:32:18)
      at Object.<anonymous> (node_modules/playwright/lib/index.js:41:33)
      at Object.<anonymous> (node_modules/playwright/test.js:17:13)
      at Object.<anonymous> (node_modules/@playwright/test/index.js:17:18)
      at Object.<anonymous> 
(tests_playwright/appointment-scheduling.spec.ts:5:15)

FAIL tests_playwright/dashboard-health-progress.spec.ts
  ÔùÅ Test suite failed to run

    TypeError: Class extends value undefined is not a constructor or null

    [0m [90m 3 |[39m [36mconst[39m fillInputStable [33m=[39m 
[36masync[39m (input[33m:[39m [33mLocator[39m[33m,[39m 
value[33m:[39m string) [33m=>[39m {
     [90m 4 |[39m   [36mfor[39m ([36mlet[39m i [33m=[39m 
[35m0[39m[33m;[39m i [33m<[39m [35m4[39m[33m;[39m i[33m++[39m) {
    [31m[1m>[22m[39m[90m 5 |[39m     [36mawait[39m 
input[33m.[39mfill(value)[33m;[39m
     [90m   |[39m               [31m[1m^[22m[39m
     [90m 6 |[39m     [36mif[39m (([36mawait[39m 
input[33m.[39minputValue()) [33m===[39m value) {
     [90m 7 |[39m       [36mreturn[39m[33m;[39m
     [90m 8 |[39m     }[0m

      at Object.<anonymous> 
(node_modules/playwright-core/lib/mcpBundleImpl/index.js:119:3983)
      at Object.<anonymous> 
(node_modules/playwright-core/lib/mcpBundle.js:49:22)
      at Object.<anonymous> 
(node_modules/playwright-core/lib/server/utils/nodePlatform.js:45:24)
      at Object.<anonymous> (node_modules/playwright-core/lib/utils.js:56:27)
      at Object.<anonymous> 
(node_modules/playwright-core/lib/server/registry/index.js:48:20)
      at Object.<anonymous> 
(node_modules/playwright-core/lib/server/index.js:37:23)
      at Object.<anonymous> 
(node_modules/playwright-core/lib/remote/playwrightConnection.js:24:21)
      at Object.<anonymous> 
(node_modules/playwright-core/lib/remote/playwrightServer.js:24:35)
      at Object.<anonymous> 
(node_modules/playwright-core/lib/androidServerImpl.js:24:31)
      at Object.<anonymous> 
(node_modules/playwright-core/lib/inProcessFactory.js:24:32)
      at Object.<anonymous> 
(node_modules/playwright-core/lib/inprocess.js:2:31)
      at Object.<anonymous> (node_modules/playwright-core/index.js:32:18)
      at Object.<anonymous> (node_modules/playwright/lib/index.js:41:33)
      at Object.<anonymous> (node_modules/playwright/test.js:17:13)
      at Object.<anonymous> (node_modules/@playwright/test/index.js:17:18)
      at Object.<anonymous> 
(tests_playwright/dashboard-health-progress.spec.ts:5:15)

PASS __tests__/use-mobile.hook.test.tsx
PASS __tests__/app-providers.test.tsx
PASS __tests__/protected-route.test.tsx
PASS __tests__/logo.test.tsx
PASS __tests__/theme-context.test.tsx
PASS __tests__/navigation-components.test.tsx
FAIL __tests__/patients-tab.test.tsx
  ÔùÅ Console

    console.error
      An update to PatientsTab inside a test was not wrapped in act(...).
      
      When testing, code that causes React state updates should be wrapped 
into act(...):
      
      act(() => {
        /* fire events that update state */
      });
      /* assert on the output */
      
      This ensures that you're testing the behavior the user would see in the 
browser. Learn more at https://react.dev/link/wrap-tests-with-act

    [0m [90m 51 |[39m       [36mtry[39m {
     [90m 52 |[39m         [36mawait[39m 
patientService[33m.[39mrefresh()[33m;[39m
    [31m[1m>[22m[39m[90m 53 |[39m         
setPatients(patientService[33m.[39mlist())[33m;[39m
     [90m    |[39m         [31m[1m^[22m[39m
     [90m 54 |[39m       } [36mcatch[39m (error) {
     [90m 55 |[39m         [36mconst[39m message [33m=[39m
     [90m 56 |[39m           error [36minstanceof[39m [33mError[39m 
[33m?[39m error[33m.[39mmessage [33m:[39m [32m"Failed to fetch 
patients."[39m[33m;[39m[0m

      at node_modules/react-dom/cjs/react-dom-client.development.js:18758:19
      at runWithFiberInDEV 
(node_modules/react-dom/cjs/react-dom-client.development.js:874:13)
      at warnIfUpdatesNotWrappedWithActDEV 
(node_modules/react-dom/cjs/react-dom-client.development.js:18757:9)
      at scheduleUpdateOnFiber 
(node_modules/react-dom/cjs/react-dom-client.development.js:16409:11)
      at dispatchSetStateInternal 
(node_modules/react-dom/cjs/react-dom-client.development.js:9170:13)
      at dispatchSetState 
(node_modules/react-dom/cjs/react-dom-client.development.js:9127:7)
      at setPatients (components/dashboard/PatientsTab.tsx:53:9)

    console.error
      An update to PatientsTab inside a test was not wrapped in act(...).
      
      When testing, code that causes React state updates should be wrapped 
into act(...):
      
      act(() => {
        /* fire events that update state */
      });
      /* assert on the output */
      
      This ensures that you're testing the behavior the user would see in the 
browser. Learn more at https://react.dev/link/wrap-tests-with-act

    [0m [90m 57 |[39m         setLoadError(message)[33m;[39m
     [90m 58 |[39m       } [36mfinally[39m {
    [31m[1m>[22m[39m[90m 59 |[39m         
setIsLoading([36mfalse[39m)[33m;[39m
     [90m    |[39m         [31m[1m^[22m[39m
     [90m 60 |[39m       }
     [90m 61 |[39m     }[33m;[39m
     [90m 62 |[39m[0m

      at node_modules/react-dom/cjs/react-dom-client.development.js:18758:19
      at runWithFiberInDEV 
(node_modules/react-dom/cjs/react-dom-client.development.js:874:13)
      at warnIfUpdatesNotWrappedWithActDEV 
(node_modules/react-dom/cjs/react-dom-client.development.js:18757:9)
      at scheduleUpdateOnFiber 
(node_modules/react-dom/cjs/react-dom-client.development.js:16409:11)
      at dispatchSetStateInternal 
(node_modules/react-dom/cjs/react-dom-client.development.js:9170:13)
      at dispatchSetState 
(node_modules/react-dom/cjs/react-dom-client.development.js:9127:7)
      at setIsLoading (components/dashboard/PatientsTab.tsx:59:9)

    console.error
      An update to PatientsTab inside a test was not wrapped in act(...).
      
      When testing, code that causes React state updates should be wrapped 
into act(...):
      
      act(() => {
        /* fire events that update state */
      });
      /* assert on the output */
      
      This ensures that you're testing the behavior the user would see in the 
browser. Learn more at https://react.dev/link/wrap-tests-with-act

    [0m [90m 51 |[39m       [36mtry[39m {
     [90m 52 |[39m         [36mawait[39m 
patientService[33m.[39mrefresh()[33m;[39m
    [31m[1m>[22m[39m[90m 53 |[39m         
setPatients(patientService[33m.[39mlist())[33m;[39m
     [90m    |[39m         [31m[1m^[22m[39m
     [90m 54 |[39m       } [36mcatch[39m (error) {
     [90m 55 |[39m         [36mconst[39m message [33m=[39m
     [90m 56 |[39m           error [36minstanceof[39m [33mError[39m 
[33m?[39m error[33m.[39mmessage [33m:[39m [32m"Failed to fetch 
patients."[39m[33m;[39m[0m

      at node_modules/react-dom/cjs/react-dom-client.development.js:18758:19
      at runWithFiberInDEV 
(node_modules/react-dom/cjs/react-dom-client.development.js:874:13)
      at warnIfUpdatesNotWrappedWithActDEV 
(node_modules/react-dom/cjs/react-dom-client.development.js:18757:9)
      at scheduleUpdateOnFiber 
(node_modules/react-dom/cjs/react-dom-client.development.js:16409:11)
      at dispatchSetStateInternal 
(node_modules/react-dom/cjs/react-dom-client.development.js:9170:13)
      at dispatchSetState 
(node_modules/react-dom/cjs/react-dom-client.development.js:9127:7)
      at setPatients (components/dashboard/PatientsTab.tsx:53:9)

    console.error
      An update to PatientsTab inside a test was not wrapped in act(...).
      
      When testing, code that causes React state updates should be wrapped 
into act(...):
      
      act(() => {
        /* fire events that update state */
      });
      /* assert on the output */
      
      This ensures that you're testing the behavior the user would see in the 
browser. Learn more at https://react.dev/link/wrap-tests-with-act

    [0m [90m 57 |[39m         setLoadError(message)[33m;[39m
     [90m 58 |[39m       } [36mfinally[39m {
    [31m[1m>[22m[39m[90m 59 |[39m         
setIsLoading([36mfalse[39m)[33m;[39m
     [90m    |[39m         [31m[1m^[22m[39m
     [90m 60 |[39m       }
     [90m 61 |[39m     }[33m;[39m
     [90m 62 |[39m[0m

      at node_modules/react-dom/cjs/react-dom-client.development.js:18758:19
      at runWithFiberInDEV 
(node_modules/react-dom/cjs/react-dom-client.development.js:874:13)
      at warnIfUpdatesNotWrappedWithActDEV 
(node_modules/react-dom/cjs/react-dom-client.development.js:18757:9)
      at scheduleUpdateOnFiber 
(node_modules/react-dom/cjs/react-dom-client.development.js:16409:11)
      at dispatchSetStateInternal 
(node_modules/react-dom/cjs/react-dom-client.development.js:9170:13)
      at dispatchSetState 
(node_modules/react-dom/cjs/react-dom-client.development.js:9127:7)
      at setIsLoading (components/dashboard/PatientsTab.tsx:59:9)

    console.error
      An update to PatientsTab inside a test was not wrapped in act(...).
      
      When testing, code that causes React state updates should be wrapped 
into act(...):
      
      act(() => {
        /* fire events that update state */
      });
      /* assert on the output */
      
      This ensures that you're testing the behavior the user would see in the 
browser. Learn more at https://react.dev/link/wrap-tests-with-act

    [0m [90m 51 |[39m       [36mtry[39m {
     [90m 52 |[39m         [36mawait[39m 
patientService[33m.[39mrefresh()[33m;[39m
    [31m[1m>[22m[39m[90m 53 |[39m         
setPatients(patientService[33m.[39mlist())[33m;[39m
     [90m    |[39m         [31m[1m^[22m[39m
     [90m 54 |[39m       } [36mcatch[39m (error) {
     [90m 55 |[39m         [36mconst[39m message [33m=[39m
     [90m 56 |[39m           error [36minstanceof[39m [33mError[39m 
[33m?[39m error[33m.[39mmessage [33m:[39m [32m"Failed to fetch 
patients."[39m[33m;[39m[0m

      at node_modules/react-dom/cjs/react-dom-client.development.js:18758:19
      at runWithFiberInDEV 
(node_modules/react-dom/cjs/react-dom-client.development.js:874:13)
      at warnIfUpdatesNotWrappedWithActDEV 
(node_modules/react-dom/cjs/react-dom-client.development.js:18757:9)
      at scheduleUpdateOnFiber 
(node_modules/react-dom/cjs/react-dom-client.development.js:16409:11)
      at dispatchSetStateInternal 
(node_modules/react-dom/cjs/react-dom-client.development.js:9170:13)
      at dispatchSetState 
(node_modules/react-dom/cjs/react-dom-client.development.js:9127:7)
      at setPatients (components/dashboard/PatientsTab.tsx:53:9)

    console.error
      An update to PatientsTab inside a test was not wrapped in act(...).
      
      When testing, code that causes React state updates should be wrapped 
into act(...):
      
      act(() => {
        /* fire events that update state */
      });
      /* assert on the output */
      
      This ensures that you're testing the behavior the user would see in the 
browser. Learn more at https://react.dev/link/wrap-tests-with-act

    [0m [90m 57 |[39m         setLoadError(message)[33m;[39m
     [90m 58 |[39m       } [36mfinally[39m {
    [31m[1m>[22m[39m[90m 59 |[39m         
setIsLoading([36mfalse[39m)[33m;[39m
     [90m    |[39m         [31m[1m^[22m[39m
     [90m 60 |[39m       }
     [90m 61 |[39m     }[33m;[39m
     [90m 62 |[39m[0m

      at node_modules/react-dom/cjs/react-dom-client.development.js:18758:19
      at runWithFiberInDEV 
(node_modules/react-dom/cjs/react-dom-client.development.js:874:13)
      at warnIfUpdatesNotWrappedWithActDEV 
(node_modules/react-dom/cjs/react-dom-client.development.js:18757:9)
      at scheduleUpdateOnFiber 
(node_modules/react-dom/cjs/react-dom-client.development.js:16409:11)
      at dispatchSetStateInternal 
(node_modules/react-dom/cjs/react-dom-client.development.js:9170:13)
      at dispatchSetState 
(node_modules/react-dom/cjs/react-dom-client.development.js:9127:7)
      at setIsLoading (components/dashboard/PatientsTab.tsx:59:9)

  ÔùÅ PatientsTab ÔÇ║ navigates to patient details from table row

    TestingLibraryElementError: Unable to find an element with the text: 
Patient One. This could be because the text is broken up by multiple elements. 
In this case, you can provide a function for your text matcher to make your 
matcher more flexible.

    Ignored nodes: comments, script, style
    [36m<body>[39m
      [36m<div>[39m
        [36m<div>[39m
          [36m<div[39m
            [33mclass[39m=[32m"flex items-center justify-between mb-3"[39m
          [36m>[39m
            [36m<h2[39m
              [33mclass[39m=[32m"font-display text-lg font-semibold 
text-foreground"[39m
            [36m>[39m
              [0mPatients[0m
            [36m</h2>[39m
            [36m<div[39m
              [33mclass[39m=[32m"flex items-center gap-2"[39m
            [36m>[39m
              [36m<div[39m
                [33mclass[39m=[32m"relative w-56"[39m
              [36m>[39m
                [36m<svg[39m
                  [33maria-hidden[39m=[32m"true"[39m
                  [33mclass[39m=[32m"lucide lucide-search absolute left-2.5 
top-1/2 -translate-y-1/2 h-3.5 w-3.5 text-muted-foreground"[39m
                  [33mfill[39m=[32m"none"[39m
                  [33mheight[39m=[32m"24"[39m
                  [33mstroke[39m=[32m"currentColor"[39m
                  [33mstroke-linecap[39m=[32m"round"[39m
                  [33mstroke-linejoin[39m=[32m"round"[39m
                  [33mstroke-width[39m=[32m"2"[39m
                  [33mviewBox[39m=[32m"0 0 24 24"[39m
                  [33mwidth[39m=[32m"24"[39m
                  [33mxmlns[39m=[32m"http://www.w3.org/2000/svg"[39m
                [36m>[39m
                  [36m<path[39m
                    [33md[39m=[32m"m21 21-4.34-4.34"[39m
                  [36m/>[39m
                  [36m<circle[39m
                    [33mcx[39m=[32m"11"[39m
                    [33mcy[39m=[32m"11"[39m
                    [33mr[39m=[32m"8"[39m
                  [36m/>[39m
                [36m</svg>[39m
                [36m<input[39m
                  [33mplaceholder[39m=[32m"Search..."[39m
                  [33mvalue[39m=[32m""[39m
                [36m/>[39m
              [36m</div>[39m
              [36m<div[39m
                [33mclass[39m=[32m"flex items-center rounded-lg border 
border-border bg-card p-0.5"[39m
              [36m>[39m
                [36m<button[39m
                  [33mtype[39m=[32m"button"[39m
                [36m>[39m
                  [36m<svg[39m
                    [33maria-hidden[39m=[32m"true"[39m
                    [33mclass[39m=[32m"lucide lucide-list h-3.5 w-3.5"[39m
                    [33mfill[39m=[32m"none"[39m
                    [33mheight[39m=[32m"24"[39m
                    [33mstroke[39m=[32m"currentColor"[39m
                    [33mstroke-linecap[39m=[32m"round"[39m
                    [33mstroke-linejoin[39m=[32m"round"[39m
                    [33mstroke-width[39m=[32m"2"[39m
                    [33mviewBox[39m=[32m"0 0 24 24"[39m
                    [33mwidth[39m=[32m"24"[39m
                    [33mxmlns[39m=[32m"http://www.w3.org/2000/svg"[39m
                  [36m>[39m
                    [36m<path[39m
                      [33md[39m=[32m"M3 5h.01"[39m
                    [36m/>[39m
                    [36m<path[39m
                      [33md[39m=[32m"M3 12h.01"[39m
                    [36m/>[39m
                    [36m<path[39m
                      [33md[39m=[32m"M3 19h.01"[39m
                    [36m/>[39m
                    [36m<path[39m
                      [33md[39m=[32m"M8 5h13"[39m
                    [36m/>[39m
                    [36m<path[39m
                      [33md[39m=[32m"M8 12h13"[39m
                    [36m/>[39m
                    [36m<path[39m
                      [33md[39m=[32m"M8 19h13"[39m
                    [36m/>[39m
                  [36m</svg>[39m
                [36m</button>[39m
                [36m<button[39m
                  [33mtype[39m=[32m"button"[39m
                [36m>[39m
                  [36m<svg[39m
                    [33maria-hidden[39m=[32m"true"[39m
                    [33mclass[39m=[32m"lucide lucide-layout-grid h-3.5 
w-3.5"[39m
                    [33mfill[39m=[32m"none"[39m
                    [33mheight[39m=[32m"24"[39m
                    [33mstroke[39m=[32m"currentColor"[39m
                    [33mstroke-linecap[39m=[32m"round"[39m
                    [33mstroke-linejoin[39m=[32m"round"[39m
                    [33mstroke-width[39m=[32m"2"[39m
                    [33mviewBox[39m=[32m"0 0 24 24"[39m
                    [33mwidth[39m=[32m"24"[39m
                    [33mxmlns[39m=[32m"http://www.w3.org/2000/svg"[39m
                  [36m>[39m
                    [36m<rect[39m
                      [33mheight[39m=[32m"7"[39m
                      [33mrx[39m=[32m"1"[39m
                      [33mwidth[39m=[32m"7"[39m
                      [33mx[39m=[32m"3"[39m
                      [33my[39m=[32m"3"[39m
                    [36m/>[39m
                    [36m<rect[39m
                      [33mheight[39m=[32m"7"[39m
                      [33mrx[39m=[32m"1"[39m
                      [33mwidth[39m=[32m"7"[39m
                      [33mx[39m=[32m"14"[39m
                      [33my[39m=[32m"3"[39m
                    [36m/>[39m
                    [36m<rect[39m
                      [33mheight[39m=[32m"7"[39m
                      [33mrx[39m=[32m"1"[39m
                      [33mwidth[39m=[32m"7"[39m
                      [33mx[39m=[32m"14"[39m
                      [33my[39m=[32m"14"[39m
                    [36m/>[39m
                    [36m<rect[39m
                      [33mheight[39m=[32m"7"[39m
                      [33mrx[39m=[32m"1"[39m
                      [33mwidth[39m=[32m"7"[39m
                      [33mx[39m=[32m"3"[39m
                      [33my[39m=[32m"14"[39m
                    [36m/>[39m
                  [36m</svg>[39m
                [36m</button>[39m
              [36m</div>[39m
            [36m</div>[39m
          [36m</div>[39m
          [36m<div[39m
            [33mclass[39m=[32m"rounded-xl border border-border 
overflow-hidden bg-card"[39m
          [36m>[39m
            [36m<table>[39m
              [36m<thead>[39m
                [36m<tr>[39m
                  [36m<th>[39m
                    [0mName[0m
                  [36m</th>[39m
                  [36m<th>[39m
                    [0mAge[0m
                  [36m</th>[39m
                  [36m<th>[39m
                    [0mLast Visit[0m
                  [36m</th>[39m
                  [36m<th>[39m
                    [0mWeight[0m
                  [36m</th>[39m
                  [36m<th>[39m
                    [0mBMI[0m
                  [36m</th>[39m
                  [36m<th />[39m
                [36m</tr>[39m
              [36m</thead>[39m
              [36m<tbody>[39m
                [36m<tr>[39m
                  [36m<td>[39m
                    [0mLoading patients...[0m
                  [36m</td>[39m
                [36m</tr>[39m
              [36m</tbody>[39m
            [36m</table>[39m
          [36m</div>[39m
          [36m<div[39m
            [33mclass[39m=[32m"flex items-center justify-between mt-3"[39m
          [36m>[39m
            [36m<p[39m
              [33mclass[39m=[32m"text-xs text-muted-foreground"[39m
            [36m>[39m
              [0m0 results[0m
            [36m</p>[39m
            [36m<div[39m
              [33mclass[39m=[32m"flex gap-1"[39m
            [36m>[39m
              [36m<button[39m
                [33mtype[39m=[32m"button"[39m
              [36m>[39m
                [36m<svg[39m
                  [33maria-hidden[39m=[32m"true"[39m
                  [33mclass[39m=[32m"lucide lucide-chevron-left h-3.5 
w-3.5"[39m
                  [33mfill[39m=[32m"none"[39m
                  [33mheight[39m=[32m"24"[39m
                  [33mstroke[39m=[32m"currentColor"[39m
                  [33mstroke-linecap[39m=[32m"round"[39m
                  [33mstroke-linejoin[39m=[32m"round"[39m
                  [33mstroke-width[39m=[32m"2"[39m
                  [33mviewBox[39m=[32m"0 0 24 24"[39m
                  [33mwidth[39m=[32m"24"[39m
                  [33mxmlns[39m=[32m"http://www.w3.org/2000/svg"[39m
                [36m>[39m
                  [36m<path[39m
                    [33md[39m=[32m"m15 18-6-6 6-6"[39m
                  [36m/>[39m
                [36m</svg>[39m
              [36m</button>[39m
              [36m<button[39m
                [33mtype[39m=[32m"button"[39m
              [36m>[39m
                [36m<svg[39m
                  [33maria-hidden[39m=[32m"true"[39m
                  [33mclass[39m=[32m"lucide lucide-chevron-right h-3.5 
w-3.5"[39m
                  [33mfill[39m=[32m"none"[39m
                  [33mheight[39m=[32m"24"[39m
                  [33mstroke[39m=[32m"currentColor"[39m
                  [33mstroke-linecap[39m=[32m"round"[39m
                  [33mstroke-linejoin[39m=[32m"round"[39m
                  [33mstroke-width[39m=[32m"2"[39m
                  [33mviewBox[39m=[32m"0 0 24 24"[39m
                  [33mwidth[39m=[32m"24"[39m
                  [33mxmlns[39m=[32m"http://www.w3.org/2000/svg"[39m
                [36m>[39m
                  [36m<path[39m
                    [33md[39m=[32m"m9 18 6-6-6-6"[39m
                  [36m/>[39m
                [36m</svg>[39m
              [36m</button>[39m
            [36m</div>[39m
          [36m</div>[39m
        [36m</div>[39m
      [36m</div>[39m
    [36m</body>[39m

    [0m [90m 133 |[39m     render([33m<[39m[33mPatientsTab[39m 
[33m/[39m[33m>[39m)[33m;[39m
     [90m 134 |[39m
    [31m[1m>[22m[39m[90m 135 |[39m     
fireEvent[33m.[39mclick(screen[33m.[39mgetByText([32m"Patient 
One"[39m))[33m;[39m
     [90m     |[39m                            [31m[1m^[22m[39m
     [90m 136 |[39m     expect(pushMock)[33m.[39mtoHaveBeenCalledWith([32m
"/dashboard/patient/1"[39m)[33m;[39m
     [90m 137 |[39m   })[33m;[39m
     [90m 138 |[39m[0m

      at Object.getElementError 
(node_modules/@testing-library/dom/dist/config.js:37:19)
      at node_modules/@testing-library/dom/dist/query-helpers.js:76:38
      at node_modules/@testing-library/dom/dist/query-helpers.js:52:17
      at node_modules/@testing-library/dom/dist/query-helpers.js:95:19
      at Object.getByText (__tests__/patients-tab.test.tsx:135:28)

  ÔùÅ PatientsTab ÔÇ║ filters by search and resets page

    TestingLibraryElementError: Unable to find an element with the text: 
Patient Six. This could be because the text is broken up by multiple elements. 
In this case, you can provide a function for your text matcher to make your 
matcher more flexible.

    Ignored nodes: comments, script, style
    [36m<body>[39m
      [36m<div>[39m
        [36m<div>[39m
          [36m<div[39m
            [33mclass[39m=[32m"flex items-center justify-between mb-3"[39m
          [36m>[39m
            [36m<h2[39m
              [33mclass[39m=[32m"font-display text-lg font-semibold 
text-foreground"[39m
            [36m>[39m
              [0mPatients[0m
            [36m</h2>[39m
            [36m<div[39m
              [33mclass[39m=[32m"flex items-center gap-2"[39m
            [36m>[39m
              [36m<div[39m
                [33mclass[39m=[32m"relative w-56"[39m
              [36m>[39m
                [36m<svg[39m
                  [33maria-hidden[39m=[32m"true"[39m
                  [33mclass[39m=[32m"lucide lucide-search absolute left-2.5 
top-1/2 -translate-y-1/2 h-3.5 w-3.5 text-muted-foreground"[39m
                  [33mfill[39m=[32m"none"[39m
                  [33mheight[39m=[32m"24"[39m
                  [33mstroke[39m=[32m"currentColor"[39m
                  [33mstroke-linecap[39m=[32m"round"[39m
                  [33mstroke-linejoin[39m=[32m"round"[39m
                  [33mstroke-width[39m=[32m"2"[39m
                  [33mviewBox[39m=[32m"0 0 24 24"[39m
                  [33mwidth[39m=[32m"24"[39m
                  [33mxmlns[39m=[32m"http://www.w3.org/2000/svg"[39m
                [36m>[39m
                  [36m<path[39m
                    [33md[39m=[32m"m21 21-4.34-4.34"[39m
                  [36m/>[39m
                  [36m<circle[39m
                    [33mcx[39m=[32m"11"[39m
                    [33mcy[39m=[32m"11"[39m
                    [33mr[39m=[32m"8"[39m
                  [36m/>[39m
                [36m</svg>[39m
                [36m<input[39m
                  [33mplaceholder[39m=[32m"Search..."[39m
                  [33mvalue[39m=[32m"Six"[39m
                [36m/>[39m
              [36m</div>[39m
              [36m<div[39m
                [33mclass[39m=[32m"flex items-center rounded-lg border 
border-border bg-card p-0.5"[39m
              [36m>[39m
                [36m<button[39m
                  [33mtype[39m=[32m"button"[39m
                [36m>[39m
                  [36m<svg[39m
                    [33maria-hidden[39m=[32m"true"[39m
                    [33mclass[39m=[32m"lucide lucide-list h-3.5 w-3.5"[39m
                    [33mfill[39m=[32m"none"[39m
                    [33mheight[39m=[32m"24"[39m
                    [33mstroke[39m=[32m"currentColor"[39m
                    [33mstroke-linecap[39m=[32m"round"[39m
                    [33mstroke-linejoin[39m=[32m"round"[39m
                    [33mstroke-width[39m=[32m"2"[39m
                    [33mviewBox[39m=[32m"0 0 24 24"[39m
                    [33mwidth[39m=[32m"24"[39m
                    [33mxmlns[39m=[32m"http://www.w3.org/2000/svg"[39m
                  [36m>[39m
                    [36m<path[39m
                      [33md[39m=[32m"M3 5h.01"[39m
                    [36m/>[39m
                    [36m<path[39m
                      [33md[39m=[32m"M3 12h.01"[39m
                    [36m/>[39m
                    [36m<path[39m
                      [33md[39m=[32m"M3 19h.01"[39m
                    [36m/>[39m
                    [36m<path[39m
                      [33md[39m=[32m"M8 5h13"[39m
                    [36m/>[39m
                    [36m<path[39m
                      [33md[39m=[32m"M8 12h13"[39m
                    [36m/>[39m
                    [36m<path[39m
                      [33md[39m=[32m"M8 19h13"[39m
                    [36m/>[39m
                  [36m</svg>[39m
                [36m</button>[39m
                [36m<button[39m
                  [33mtype[39m=[32m"button"[39m
                [36m>[39m
                  [36m<svg[39m
                    [33maria-hidden[39m=[32m"true"[39m
                    [33mclass[39m=[32m"lucide lucide-layout-grid h-3.5 
w-3.5"[39m
                    [33mfill[39m=[32m"none"[39m
                    [33mheight[39m=[32m"24"[39m
                    [33mstroke[39m=[32m"currentColor"[39m
                    [33mstroke-linecap[39m=[32m"round"[39m
                    [33mstroke-linejoin[39m=[32m"round"[39m
                    [33mstroke-width[39m=[32m"2"[39m
                    [33mviewBox[39m=[32m"0 0 24 24"[39m
                    [33mwidth[39m=[32m"24"[39m
                    [33mxmlns[39m=[32m"http://www.w3.org/2000/svg"[39m
                  [36m>[39m
                    [36m<rect[39m
                      [33mheight[39m=[32m"7"[39m
                      [33mrx[39m=[32m"1"[39m
                      [33mwidth[39m=[32m"7"[39m
                      [33mx[39m=[32m"3"[39m
                      [33my[39m=[32m"3"[39m
                    [36m/>[39m
                    [36m<rect[39m
                      [33mheight[39m=[32m"7"[39m
                      [33mrx[39m=[32m"1"[39m
                      [33mwidth[39m=[32m"7"[39m
                      [33mx[39m=[32m"14"[39m
                      [33my[39m=[32m"3"[39m
                    [36m/>[39m
                    [36m<rect[39m
                      [33mheight[39m=[32m"7"[39m
                      [33mrx[39m=[32m"1"[39m
                      [33mwidth[39m=[32m"7"[39m
                      [33mx[39m=[32m"14"[39m
                      [33my[39m=[32m"14"[39m
                    [36m/>[39m
                    [36m<rect[39m
                      [33mheight[39m=[32m"7"[39m
                      [33mrx[39m=[32m"1"[39m
                      [33mwidth[39m=[32m"7"[39m
                      [33mx[39m=[32m"3"[39m
                      [33my[39m=[32m"14"[39m
                    [36m/>[39m
                  [36m</svg>[39m
                [36m</button>[39m
              [36m</div>[39m
            [36m</div>[39m
          [36m</div>[39m
          [36m<div[39m
            [33mclass[39m=[32m"rounded-xl border border-border 
overflow-hidden bg-card"[39m
          [36m>[39m
            [36m<table>[39m
              [36m<thead>[39m
                [36m<tr>[39m
                  [36m<th>[39m
                    [0mName[0m
                  [36m</th>[39m
                  [36m<th>[39m
                    [0mAge[0m
                  [36m</th>[39m
                  [36m<th>[39m
                    [0mLast Visit[0m
                  [36m</th>[39m
                  [36m<th>[39m
                    [0mWeight[0m
                  [36m</th>[39m
                  [36m<th>[39m
                    [0mBMI[0m
                  [36m</th>[39m
                  [36m<th />[39m
                [36m</tr>[39m
              [36m</thead>[39m
              [36m<tbody>[39m
                [36m<tr>[39m
                  [36m<td>[39m
                    [0mLoading patients...[0m
                  [36m</td>[39m
                [36m</tr>[39m
              [36m</tbody>[39m
            [36m</table>[39m
          [36m</div>[39m
          [36m<div[39m
            [33mclass[39m=[32m"flex items-center justify-between mt-3"[39m
          [36m>[39m
            [36m<p[39m
              [33mclass[39m=[32m"text-xs text-muted-foreground"[39m
            [36m>[39m
              [0m0 results[0m
            [36m</p>[39m
            [36m<div[39m
              [33mclass[39m=[32m"flex gap-1"[39m
            [36m>[39m
              [36m<button[39m
                [33mtype[39m=[32m"button"[39m
              [36m>[39m
                [36m<svg[39m
                  [33maria-hidden[39m=[32m"true"[39m
                  [33mclass[39m=[32m"lucide lucide-chevron-left h-3.5 
w-3.5"[39m
                  [33mfill[39m=[32m"none"[39m
                  [33mheight[39m=[32m"24"[39m
                  [33mstroke[39m=[32m"currentColor"[39m
                  [33mstroke-linecap[39m=[32m"round"[39m
                  [33mstroke-linejoin[39m=[32m"round"[39m
                  [33mstroke-width[39m=[32m"2"[39m
                  [33mviewBox[39m=[32m"0 0 24 24"[39m
                  [33mwidth[39m=[32m"24"[39m
                  [33mxmlns[39m=[32m"http://www.w3.org/2000/svg"[39m
                [36m>[39m
                  [36m<path[39m
                    [33md[39m=[32m"m15 18-6-6 6-6"[39m
                  [36m/>[39m
                [36m</svg>[39m
              [36m</button>[39m
              [36m<button[39m
                [33mtype[39m=[32m"button"[39m
              [36m>[39m
                [36m<svg[39m
                  [33maria-hidden[39m=[32m"true"[39m
                  [33mclass[39m=[32m"lucide lucide-chevron-right h-3.5 
w-3.5"[39m
                  [33mfill[39m=[32m"none"[39m
                  [33mheight[39m=[32m"24"[39m
                  [33mstroke[39m=[32m"currentColor"[39m
                  [33mstroke-linecap[39m=[32m"round"[39m
                  [33mstroke-linejoin[39m=[32m"round"[39m
                  [33mstroke-width[39m=[32m"2"[39m
                  [33mviewBox[39m=[32m"0 0 24 24"[39m
                  [33mwidth[39m=[32m"24"[39m
                  [33mxmlns[39m=[32m"http://www.w3.org/2000/svg"[39m
                [36m>[39m
                  [36m<path[39m
                    [33md[39m=[32m"m9 18 6-6-6-6"[39m
                  [36m/>[39m
                [36m</svg>[39m
              [36m</button>[39m
            [36m</div>[39m
          [36m</div>[39m
        [36m</div>[39m
      [36m</div>[39m
    [36m</body>[39m

    [0m [90m 143 |[39m       target[33m:[39m { value[33m:[39m 
[32m"Six"[39m }[33m,[39m
     [90m 144 |[39m     })[33m;[39m
    [31m[1m>[22m[39m[90m 145 |[39m     
expect(screen[33m.[39mgetByText([32m"Patient 
Six"[39m))[33m.[39mtoBeInTheDocument()[33m;[39m
     [90m     |[39m                   [31m[1m^[22m[39m
     [90m 146 |[39m     expect(screen[33m.[39mqueryByText([32m"Patient 
One"[39m))[33m.[39mnot[33m.[39mtoBeInTheDocument()[33m;[39m
     [90m 147 |[39m   })[33m;[39m
     [90m 148 |[39m[0m

      at Object.getElementError 
(node_modules/@testing-library/dom/dist/config.js:37:19)
      at node_modules/@testing-library/dom/dist/query-helpers.js:76:38
      at node_modules/@testing-library/dom/dist/query-helpers.js:52:17
      at node_modules/@testing-library/dom/dist/query-helpers.js:95:19
      at Object.getByText (__tests__/patients-tab.test.tsx:145:19)

  ÔùÅ PatientsTab ÔÇ║ switches to visual mode and supports eye-button 
navigation

    expect(jest.fn()).toHaveBeenCalled()

    Expected number of calls: >= 1
    Received number of calls:    0

    [0m [90m 156 |[39m     
fireEvent[33m.[39mclick(eyeOrNavButtons[[35m2[39m])[33m;[39m
     [90m 157 |[39m
    [31m[1m>[22m[39m[90m 158 |[39m     
expect(pushMock)[33m.[39mtoHaveBeenCalled()[33m;[39m
     [90m     |[39m                      [31m[1m^[22m[39m
     [90m 159 |[39m   })[33m;[39m
     [90m 160 |[39m })[33m;[39m
     [90m 161 |[39m[0m

      at Object.toHaveBeenCalled (__tests__/patients-tab.test.tsx:158:22)

PASS __tests__/browser-cookie-monitor-service.test.ts
PASS __tests__/dashboard-screen.test.tsx
PASS __tests__/utils.test.ts
PASS __tests__/settings-tab.test.tsx
  ÔùÅ Console

    console.error
      An update to SettingsTab inside a test was not wrapped in act(...).
      
      When testing, code that causes React state updates should be wrapped 
into act(...):
      
      act(() => {
        /* fire events that update state */
      });
      /* assert on the output */
      
      This ensures that you're testing the behavior the user would see in the 
browser. Learn more at https://react.dev/link/wrap-tests-with-act

    [0m [90m 41 |[39m
     [90m 42 |[39m         setName(doctor[33m.[39mname)[33m;[39m
    [31m[1m>[22m[39m[90m 43 |[39m         
setAge([33mString[39m(doctor[33m.[39mage))[33m;[39m
     [90m    |[39m         [31m[1m^[22m[39m
     [90m 44 |[39m         setEmail(doctor[33m.[39memail)[33m;[39m
     [90m 45 |[39m         setPhoneNumber(doctor[33m.[39mphone)[33m;[39m
     [90m 46 |[39m       })[0m

      at node_modules/react-dom/cjs/react-dom-client.development.js:18758:19
      at runWithFiberInDEV 
(node_modules/react-dom/cjs/react-dom-client.development.js:874:13)
      at warnIfUpdatesNotWrappedWithActDEV 
(node_modules/react-dom/cjs/react-dom-client.development.js:18757:9)
      at scheduleUpdateOnFiber 
(node_modules/react-dom/cjs/react-dom-client.development.js:16409:11)
      at dispatchSetStateInternal 
(node_modules/react-dom/cjs/react-dom-client.development.js:9170:13)
      at dispatchSetState 
(node_modules/react-dom/cjs/react-dom-client.development.js:9127:7)
      at setAge (components/dashboard/SettingsTab.tsx:43:9)

    console.error
      An update to SettingsTab inside a test was not wrapped in act(...).
      
      When testing, code that causes React state updates should be wrapped 
into act(...):
      
      act(() => {
        /* fire events that update state */
      });
      /* assert on the output */
      
      This ensures that you're testing the behavior the user would see in the 
browser. Learn more at https://react.dev/link/wrap-tests-with-act

    [0m [90m 42 |[39m         setName(doctor[33m.[39mname)[33m;[39m
     [90m 43 |[39m         
setAge([33mString[39m(doctor[33m.[39mage))[33m;[39m
    [31m[1m>[22m[39m[90m 44 |[39m         
setEmail(doctor[33m.[39memail)[33m;[39m
     [90m    |[39m         [31m[1m^[22m[39m
     [90m 45 |[39m         setPhoneNumber(doctor[33m.[39mphone)[33m;[39m
     [90m 46 |[39m       })
     [90m 47 |[39m       [33m.[39m[36mcatch[39m(() [33m=>[39m {[0m

      at node_modules/react-dom/cjs/react-dom-client.development.js:18758:19
      at runWithFiberInDEV 
(node_modules/react-dom/cjs/react-dom-client.development.js:874:13)
      at warnIfUpdatesNotWrappedWithActDEV 
(node_modules/react-dom/cjs/react-dom-client.development.js:18757:9)
      at scheduleUpdateOnFiber 
(node_modules/react-dom/cjs/react-dom-client.development.js:16409:11)
      at dispatchSetStateInternal 
(node_modules/react-dom/cjs/react-dom-client.development.js:9170:13)
      at dispatchSetState 
(node_modules/react-dom/cjs/react-dom-client.development.js:9127:7)
      at setEmail (components/dashboard/SettingsTab.tsx:44:9)

    console.error
      An update to SettingsTab inside a test was not wrapped in act(...).
      
      When testing, code that causes React state updates should be wrapped 
into act(...):
      
      act(() => {
        /* fire events that update state */
      });
      /* assert on the output */
      
      This ensures that you're testing the behavior the user would see in the 
browser. Learn more at https://react.dev/link/wrap-tests-with-act

    [0m [90m 43 |[39m         
setAge([33mString[39m(doctor[33m.[39mage))[33m;[39m
     [90m 44 |[39m         setEmail(doctor[33m.[39memail)[33m;[39m
    [31m[1m>[22m[39m[90m 45 |[39m         
setPhoneNumber(doctor[33m.[39mphone)[33m;[39m
     [90m    |[39m         [31m[1m^[22m[39m
     [90m 46 |[39m       })
     [90m 47 |[39m       [33m.[39m[36mcatch[39m(() [33m=>[39m {
     [90m 48 |[39m         toast[33m.[39merror([32m"Failed to load 
profile settings."[39m)[33m;[39m[0m

      at node_modules/react-dom/cjs/react-dom-client.development.js:18758:19
      at runWithFiberInDEV 
(node_modules/react-dom/cjs/react-dom-client.development.js:874:13)
      at warnIfUpdatesNotWrappedWithActDEV 
(node_modules/react-dom/cjs/react-dom-client.development.js:18757:9)
      at scheduleUpdateOnFiber 
(node_modules/react-dom/cjs/react-dom-client.development.js:16409:11)
      at dispatchSetStateInternal 
(node_modules/react-dom/cjs/react-dom-client.development.js:9170:13)
      at dispatchSetState 
(node_modules/react-dom/cjs/react-dom-client.development.js:9127:7)
      at setPhoneNumber (components/dashboard/SettingsTab.tsx:45:9)

PASS __tests__/auth-appointment-services.test.ts
FAIL __tests__/doctors-tab.test.tsx
  ÔùÅ Console

    console.error
      An update to DoctorsTab inside a test was not wrapped in act(...).
      
      When testing, code that causes React state updates should be wrapped 
into act(...):
      
      act(() => {
        /* fire events that update state */
      });
      /* assert on the output */
      
      This ensures that you're testing the behavior the user would see in the 
browser. Learn more at https://react.dev/link/wrap-tests-with-act

    [0m [90m 60 |[39m       setIsLoading([36mtrue[39m)[33m;[39m
     [90m 61 |[39m       [36mconst[39m doctors [33m=[39m [36mawait[39m 
doctorService[33m.[39mlist()[33m;[39m
    [31m[1m>[22m[39m[90m 62 |[39m       setDoctorList(doctors)[33m;[39m
     [90m    |[39m       [31m[1m^[22m[39m
     [90m 63 |[39m     } [36mcatch[39m {
     [90m 64 |[39m       toast[33m.[39merror([32m"Failed to load 
doctors."[39m)[33m;[39m
     [90m 65 |[39m     } [36mfinally[39m {[0m

      at node_modules/react-dom/cjs/react-dom-client.development.js:18758:19
      at runWithFiberInDEV 
(node_modules/react-dom/cjs/react-dom-client.development.js:874:13)
      at warnIfUpdatesNotWrappedWithActDEV 
(node_modules/react-dom/cjs/react-dom-client.development.js:18757:9)
      at scheduleUpdateOnFiber 
(node_modules/react-dom/cjs/react-dom-client.development.js:16409:11)
      at dispatchSetStateInternal 
(node_modules/react-dom/cjs/react-dom-client.development.js:9170:13)
      at dispatchSetState 
(node_modules/react-dom/cjs/react-dom-client.development.js:9127:7)
      at setDoctorList (components/dashboard/DoctorsTab.tsx:62:7)

    console.error
      An update to DoctorsTab inside a test was not wrapped in act(...).
      
      When testing, code that causes React state updates should be wrapped 
into act(...):
      
      act(() => {
        /* fire events that update state */
      });
      /* assert on the output */
      
      This ensures that you're testing the behavior the user would see in the 
browser. Learn more at https://react.dev/link/wrap-tests-with-act

    [0m [90m 64 |[39m       toast[33m.[39merror([32m"Failed to load 
doctors."[39m)[33m;[39m
     [90m 65 |[39m     } [36mfinally[39m {
    [31m[1m>[22m[39m[90m 66 |[39m       
setIsLoading([36mfalse[39m)[33m;[39m
     [90m    |[39m       [31m[1m^[22m[39m
     [90m 67 |[39m     }
     [90m 68 |[39m   }[33m;[39m
     [90m 69 |[39m[0m

      at node_modules/react-dom/cjs/react-dom-client.development.js:18758:19
      at runWithFiberInDEV 
(node_modules/react-dom/cjs/react-dom-client.development.js:874:13)
      at warnIfUpdatesNotWrappedWithActDEV 
(node_modules/react-dom/cjs/react-dom-client.development.js:18757:9)
      at scheduleUpdateOnFiber 
(node_modules/react-dom/cjs/react-dom-client.development.js:16409:11)
      at dispatchSetStateInternal 
(node_modules/react-dom/cjs/react-dom-client.development.js:9170:13)
      at dispatchSetState 
(node_modules/react-dom/cjs/react-dom-client.development.js:9127:7)
      at setIsLoading (components/dashboard/DoctorsTab.tsx:66:7)

    console.error
      An update to DoctorsTab inside a test was not wrapped in act(...).
      
      When testing, code that causes React state updates should be wrapped 
into act(...):
      
      act(() => {
        /* fire events that update state */
      });
      /* assert on the output */
      
      This ensures that you're testing the behavior the user would see in the 
browser. Learn more at https://react.dev/link/wrap-tests-with-act

    [0m [90m 60 |[39m       setIsLoading([36mtrue[39m)[33m;[39m
     [90m 61 |[39m       [36mconst[39m doctors [33m=[39m [36mawait[39m 
doctorService[33m.[39mlist()[33m;[39m
    [31m[1m>[22m[39m[90m 62 |[39m       setDoctorList(doctors)[33m;[39m
     [90m    |[39m       [31m[1m^[22m[39m
     [90m 63 |[39m     } [36mcatch[39m {
     [90m 64 |[39m       toast[33m.[39merror([32m"Failed to load 
doctors."[39m)[33m;[39m
     [90m 65 |[39m     } [36mfinally[39m {[0m

      at node_modules/react-dom/cjs/react-dom-client.development.js:18758:19
      at runWithFiberInDEV 
(node_modules/react-dom/cjs/react-dom-client.development.js:874:13)
      at warnIfUpdatesNotWrappedWithActDEV 
(node_modules/react-dom/cjs/react-dom-client.development.js:18757:9)
      at scheduleUpdateOnFiber 
(node_modules/react-dom/cjs/react-dom-client.development.js:16409:11)
      at dispatchSetStateInternal 
(node_modules/react-dom/cjs/react-dom-client.development.js:9170:13)
      at dispatchSetState 
(node_modules/react-dom/cjs/react-dom-client.development.js:9127:7)
      at setDoctorList (components/dashboard/DoctorsTab.tsx:62:7)

    console.error
      An update to DoctorsTab inside a test was not wrapped in act(...).
      
      When testing, code that causes React state updates should be wrapped 
into act(...):
      
      act(() => {
        /* fire events that update state */
      });
      /* assert on the output */
      
      This ensures that you're testing the behavior the user would see in the 
browser. Learn more at https://react.dev/link/wrap-tests-with-act

    [0m [90m 64 |[39m       toast[33m.[39merror([32m"Failed to load 
doctors."[39m)[33m;[39m
     [90m 65 |[39m     } [36mfinally[39m {
    [31m[1m>[22m[39m[90m 66 |[39m       
setIsLoading([36mfalse[39m)[33m;[39m
     [90m    |[39m       [31m[1m^[22m[39m
     [90m 67 |[39m     }
     [90m 68 |[39m   }[33m;[39m
     [90m 69 |[39m[0m

      at node_modules/react-dom/cjs/react-dom-client.development.js:18758:19
      at runWithFiberInDEV 
(node_modules/react-dom/cjs/react-dom-client.development.js:874:13)
      at warnIfUpdatesNotWrappedWithActDEV 
(node_modules/react-dom/cjs/react-dom-client.development.js:18757:9)
      at scheduleUpdateOnFiber 
(node_modules/react-dom/cjs/react-dom-client.development.js:16409:11)
      at dispatchSetStateInternal 
(node_modules/react-dom/cjs/react-dom-client.development.js:9170:13)
      at dispatchSetState 
(node_modules/react-dom/cjs/react-dom-client.development.js:9127:7)
      at setIsLoading (components/dashboard/DoctorsTab.tsx:66:7)

    console.error
      An update to DoctorsTab inside a test was not wrapped in act(...).
      
      When testing, code that causes React state updates should be wrapped 
into act(...):
      
      act(() => {
        /* fire events that update state */
      });
      /* assert on the output */
      
      This ensures that you're testing the behavior the user would see in the 
browser. Learn more at https://react.dev/link/wrap-tests-with-act

    [0m [90m 60 |[39m       setIsLoading([36mtrue[39m)[33m;[39m
     [90m 61 |[39m       [36mconst[39m doctors [33m=[39m [36mawait[39m 
doctorService[33m.[39mlist()[33m;[39m
    [31m[1m>[22m[39m[90m 62 |[39m       setDoctorList(doctors)[33m;[39m
     [90m    |[39m       [31m[1m^[22m[39m
     [90m 63 |[39m     } [36mcatch[39m {
     [90m 64 |[39m       toast[33m.[39merror([32m"Failed to load 
doctors."[39m)[33m;[39m
     [90m 65 |[39m     } [36mfinally[39m {[0m

      at node_modules/react-dom/cjs/react-dom-client.development.js:18758:19
      at runWithFiberInDEV 
(node_modules/react-dom/cjs/react-dom-client.development.js:874:13)
      at warnIfUpdatesNotWrappedWithActDEV 
(node_modules/react-dom/cjs/react-dom-client.development.js:18757:9)
      at scheduleUpdateOnFiber 
(node_modules/react-dom/cjs/react-dom-client.development.js:16409:11)
      at dispatchSetStateInternal 
(node_modules/react-dom/cjs/react-dom-client.development.js:9170:13)
      at dispatchSetState 
(node_modules/react-dom/cjs/react-dom-client.development.js:9127:7)
      at setDoctorList (components/dashboard/DoctorsTab.tsx:62:7)

    console.error
      An update to DoctorsTab inside a test was not wrapped in act(...).
      
      When testing, code that causes React state updates should be wrapped 
into act(...):
      
      act(() => {
        /* fire events that update state */
      });
      /* assert on the output */
      
      This ensures that you're testing the behavior the user would see in the 
browser. Learn more at https://react.dev/link/wrap-tests-with-act

    [0m [90m 64 |[39m       toast[33m.[39merror([32m"Failed to load 
doctors."[39m)[33m;[39m
     [90m 65 |[39m     } [36mfinally[39m {
    [31m[1m>[22m[39m[90m 66 |[39m       
setIsLoading([36mfalse[39m)[33m;[39m
     [90m    |[39m       [31m[1m^[22m[39m
     [90m 67 |[39m     }
     [90m 68 |[39m   }[33m;[39m
     [90m 69 |[39m[0m

      at node_modules/react-dom/cjs/react-dom-client.development.js:18758:19
      at runWithFiberInDEV 
(node_modules/react-dom/cjs/react-dom-client.development.js:874:13)
      at warnIfUpdatesNotWrappedWithActDEV 
(node_modules/react-dom/cjs/react-dom-client.development.js:18757:9)
      at scheduleUpdateOnFiber 
(node_modules/react-dom/cjs/react-dom-client.development.js:16409:11)
      at dispatchSetStateInternal 
(node_modules/react-dom/cjs/react-dom-client.development.js:9170:13)
      at dispatchSetState 
(node_modules/react-dom/cjs/react-dom-client.development.js:9127:7)
      at setIsLoading (components/dashboard/DoctorsTab.tsx:66:7)

    console.error
      An update to DoctorsTab inside a test was not wrapped in act(...).
      
      When testing, code that causes React state updates should be wrapped 
into act(...):
      
      act(() => {
        /* fire events that update state */
      });
      /* assert on the output */
      
      This ensures that you're testing the behavior the user would see in the 
browser. Learn more at https://react.dev/link/wrap-tests-with-act

    [0m [90m 60 |[39m       setIsLoading([36mtrue[39m)[33m;[39m
     [90m 61 |[39m       [36mconst[39m doctors [33m=[39m [36mawait[39m 
doctorService[33m.[39mlist()[33m;[39m
    [31m[1m>[22m[39m[90m 62 |[39m       setDoctorList(doctors)[33m;[39m
     [90m    |[39m       [31m[1m^[22m[39m
     [90m 63 |[39m     } [36mcatch[39m {
     [90m 64 |[39m       toast[33m.[39merror([32m"Failed to load 
doctors."[39m)[33m;[39m
     [90m 65 |[39m     } [36mfinally[39m {[0m

      at node_modules/react-dom/cjs/react-dom-client.development.js:18758:19
      at runWithFiberInDEV 
(node_modules/react-dom/cjs/react-dom-client.development.js:874:13)
      at warnIfUpdatesNotWrappedWithActDEV 
(node_modules/react-dom/cjs/react-dom-client.development.js:18757:9)
      at scheduleUpdateOnFiber 
(node_modules/react-dom/cjs/react-dom-client.development.js:16409:11)
      at dispatchSetStateInternal 
(node_modules/react-dom/cjs/react-dom-client.development.js:9170:13)
      at dispatchSetState 
(node_modules/react-dom/cjs/react-dom-client.development.js:9127:7)
      at setDoctorList (components/dashboard/DoctorsTab.tsx:62:7)

    console.error
      An update to DoctorsTab inside a test was not wrapped in act(...).
      
      When testing, code that causes React state updates should be wrapped 
into act(...):
      
      act(() => {
        /* fire events that update state */
      });
      /* assert on the output */
      
      This ensures that you're testing the behavior the user would see in the 
browser. Learn more at https://react.dev/link/wrap-tests-with-act

    [0m [90m 64 |[39m       toast[33m.[39merror([32m"Failed to load 
doctors."[39m)[33m;[39m
     [90m 65 |[39m     } [36mfinally[39m {
    [31m[1m>[22m[39m[90m 66 |[39m       
setIsLoading([36mfalse[39m)[33m;[39m
     [90m    |[39m       [31m[1m^[22m[39m
     [90m 67 |[39m     }
     [90m 68 |[39m   }[33m;[39m
     [90m 69 |[39m[0m

      at node_modules/react-dom/cjs/react-dom-client.development.js:18758:19
      at runWithFiberInDEV 
(node_modules/react-dom/cjs/react-dom-client.development.js:874:13)
      at warnIfUpdatesNotWrappedWithActDEV 
(node_modules/react-dom/cjs/react-dom-client.development.js:18757:9)
      at scheduleUpdateOnFiber 
(node_modules/react-dom/cjs/react-dom-client.development.js:16409:11)
      at dispatchSetStateInternal 
(node_modules/react-dom/cjs/react-dom-client.development.js:9170:13)
      at dispatchSetState 
(node_modules/react-dom/cjs/react-dom-client.development.js:9127:7)
      at setIsLoading (components/dashboard/DoctorsTab.tsx:66:7)

    console.error
      An update to DoctorsTab inside a test was not wrapped in act(...).
      
      When testing, code that causes React state updates should be wrapped 
into act(...):
      
      act(() => {
        /* fire events that update state */
      });
      /* assert on the output */
      
      This ensures that you're testing the behavior the user would see in the 
browser. Learn more at https://react.dev/link/wrap-tests-with-act

    [0m [90m 60 |[39m       setIsLoading([36mtrue[39m)[33m;[39m
     [90m 61 |[39m       [36mconst[39m doctors [33m=[39m [36mawait[39m 
doctorService[33m.[39mlist()[33m;[39m
    [31m[1m>[22m[39m[90m 62 |[39m       setDoctorList(doctors)[33m;[39m
     [90m    |[39m       [31m[1m^[22m[39m
     [90m 63 |[39m     } [36mcatch[39m {
     [90m 64 |[39m       toast[33m.[39merror([32m"Failed to load 
doctors."[39m)[33m;[39m
     [90m 65 |[39m     } [36mfinally[39m {[0m

      at node_modules/react-dom/cjs/react-dom-client.development.js:18758:19
      at runWithFiberInDEV 
(node_modules/react-dom/cjs/react-dom-client.development.js:874:13)
      at warnIfUpdatesNotWrappedWithActDEV 
(node_modules/react-dom/cjs/react-dom-client.development.js:18757:9)
      at scheduleUpdateOnFiber 
(node_modules/react-dom/cjs/react-dom-client.development.js:16409:11)
      at dispatchSetStateInternal 
(node_modules/react-dom/cjs/react-dom-client.development.js:9170:13)
      at dispatchSetState 
(node_modules/react-dom/cjs/react-dom-client.development.js:9127:7)
      at setDoctorList (components/dashboard/DoctorsTab.tsx:62:7)

    console.error
      An update to DoctorsTab inside a test was not wrapped in act(...).
      
      When testing, code that causes React state updates should be wrapped 
into act(...):
      
      act(() => {
        /* fire events that update state */
      });
      /* assert on the output */
      
      This ensures that you're testing the behavior the user would see in the 
browser. Learn more at https://react.dev/link/wrap-tests-with-act

    [0m [90m 64 |[39m       toast[33m.[39merror([32m"Failed to load 
doctors."[39m)[33m;[39m
     [90m 65 |[39m     } [36mfinally[39m {
    [31m[1m>[22m[39m[90m 66 |[39m       
setIsLoading([36mfalse[39m)[33m;[39m
     [90m    |[39m       [31m[1m^[22m[39m
     [90m 67 |[39m     }
     [90m 68 |[39m   }[33m;[39m
     [90m 69 |[39m[0m

      at node_modules/react-dom/cjs/react-dom-client.development.js:18758:19
      at runWithFiberInDEV 
(node_modules/react-dom/cjs/react-dom-client.development.js:874:13)
      at warnIfUpdatesNotWrappedWithActDEV 
(node_modules/react-dom/cjs/react-dom-client.development.js:18757:9)
      at scheduleUpdateOnFiber 
(node_modules/react-dom/cjs/react-dom-client.development.js:16409:11)
      at dispatchSetStateInternal 
(node_modules/react-dom/cjs/react-dom-client.development.js:9170:13)
      at dispatchSetState 
(node_modules/react-dom/cjs/react-dom-client.development.js:9127:7)
      at setIsLoading (components/dashboard/DoctorsTab.tsx:66:7)

  ÔùÅ DoctorsTab ÔÇ║ navigates to doctor details and supports search + 
pagination

    TestingLibraryElementError: Unable to find an element with the text: Dr. 
One. This could be because the text is broken up by multiple elements. In this 
case, you can provide a function for your text matcher to make your matcher 
more flexible.

    Ignored nodes: comments, script, style
    [36m<body>[39m
      [36m<div>[39m
        [36m<div>[39m
          [36m<div[39m
            [33mclass[39m=[32m"flex items-center justify-between mb-3"[39m
          [36m>[39m
            [36m<h2[39m
              [33mclass[39m=[32m"font-display text-lg font-semibold 
text-foreground"[39m
            [36m>[39m
              [0mDoctors[0m
            [36m</h2>[39m
            [36m<div[39m
              [33mclass[39m=[32m"flex items-center gap-2"[39m
            [36m>[39m
              [36m<div[39m
                [33mclass[39m=[32m"relative w-56"[39m
              [36m>[39m
                [36m<svg[39m
                  [33maria-hidden[39m=[32m"true"[39m
                  [33mclass[39m=[32m"lucide lucide-search absolute left-2.5 
top-1/2 -translate-y-1/2 h-3.5 w-3.5 text-muted-foreground"[39m
                  [33mfill[39m=[32m"none"[39m
                  [33mheight[39m=[32m"24"[39m
                  [33mstroke[39m=[32m"currentColor"[39m
                  [33mstroke-linecap[39m=[32m"round"[39m
                  [33mstroke-linejoin[39m=[32m"round"[39m
                  [33mstroke-width[39m=[32m"2"[39m
                  [33mviewBox[39m=[32m"0 0 24 24"[39m
                  [33mwidth[39m=[32m"24"[39m
                  [33mxmlns[39m=[32m"http://www.w3.org/2000/svg"[39m
                [36m>[39m
                  [36m<path[39m
                    [33md[39m=[32m"m21 21-4.34-4.34"[39m
                  [36m/>[39m
                  [36m<circle[39m
                    [33mcx[39m=[32m"11"[39m
                    [33mcy[39m=[32m"11"[39m
                    [33mr[39m=[32m"8"[39m
                  [36m/>[39m
                [36m</svg>[39m
                [36m<input[39m
                  [33mplaceholder[39m=[32m"Search..."[39m
                  [33mvalue[39m=[32m""[39m
                [36m/>[39m
              [36m</div>[39m
              [36m<button[39m
                [33mtype[39m=[32m"button"[39m
              [36m>[39m
                [36m<svg[39m
                  [33maria-hidden[39m=[32m"true"[39m
                  [33mclass[39m=[32m"lucide lucide-plus h-3.5 w-3.5 
mr-1"[39m
                  [33mfill[39m=[32m"none"[39m
                  [33mheight[39m=[32m"24"[39m
                  [33mstroke[39m=[32m"currentColor"[39m
                  [33mstroke-linecap[39m=[32m"round"[39m
                  [33mstroke-linejoin[39m=[32m"round"[39m
                  [33mstroke-width[39m=[32m"2"[39m
                  [33mviewBox[39m=[32m"0 0 24 24"[39m
                  [33mwidth[39m=[32m"24"[39m
                  [33mxmlns[39m=[32m"http://www.w3.org/2000/svg"[39m
                [36m>[39m
                  [36m<path[39m
                    [33md[39m=[32m"M5 12h14"[39m
                  [36m/>[39m
                  [36m<path[39m
                    [33md[39m=[32m"M12 5v14"[39m
                  [36m/>[39m
                [36m</svg>[39m
                [0m Add Doctor[0m
              [36m</button>[39m
            [36m</div>[39m
          [36m</div>[39m
          [36m<div[39m
            [33mclass[39m=[32m"rounded-xl border border-border 
overflow-hidden bg-card"[39m
          [36m>[39m
            [36m<table>[39m
              [36m<thead>[39m
                [36m<tr>[39m
                  [36m<th>[39m
                    [0mName[0m
                  [36m</th>[39m
                  [36m<th>[39m
                    [0mAge[0m
                  [36m</th>[39m
                  [36m<th>[39m
                    [0mEmail[0m
                  [36m</th>[39m
                  [36m<th />[39m
                [36m</tr>[39m
              [36m</thead>[39m
              [36m<tbody>[39m
                [36m<tr>[39m
                  [36m<td>[39m
                    [0mLoading doctors...[0m
                  [36m</td>[39m
                [36m</tr>[39m
              [36m</tbody>[39m
            [36m</table>[39m
          [36m</div>[39m
          [36m<div[39m
            [33mclass[39m=[32m"flex items-center justify-between mt-3"[39m
          [36m>[39m
            [36m<p[39m
              [33mclass[39m=[32m"text-xs text-muted-foreground"[39m
            [36m>[39m
              [0m0 results[0m
            [36m</p>[39m
            [36m<div[39m
              [33mclass[39m=[32m"flex gap-1"[39m
            [36m>[39m
              [36m<button[39m
                [33mtype[39m=[32m"button"[39m
              [36m>[39m
                [36m<svg[39m
                  [33maria-hidden[39m=[32m"true"[39m
                  [33mclass[39m=[32m"lucide lucide-chevron-left h-3.5 
w-3.5"[39m
                  [33mfill[39m=[32m"none"[39m
                  [33mheight[39m=[32m"24"[39m
                  [33mstroke[39m=[32m"currentColor"[39m
                  [33mstroke-linecap[39m=[32m"round"[39m
                  [33mstroke-linejoin[39m=[32m"round"[39m
                  [33mstroke-width[39m=[32m"2"[39m
                  [33mviewBox[39m=[32m"0 0 24 24"[39m
                  [33mwidth[39m=[32m"24"[39m
                  [33mxmlns[39m=[32m"http://www.w3.org/2000/svg"[39m
                [36m>[39m
                  [36m<path[39m
                    [33md[39m=[32m"m15 18-6-6 6-6"[39m
                  [36m/>[39m
                [36m</svg>[39m
              [36m</button>[39m
              [36m<button[39m
                [33mtype[39m=[32m"button"[39m
              [36m>[39m
                [36m<svg[39m
                  [33maria-hidden[39m=[32m"true"[39m
                  [33mclass[39m=[32m"lucide lucide-chevron-right h-3.5 
w-3.5"[39m
                  [33mfill[39m=[32m"none"[39m
                  [33mheight[39m=[32m"24"[39m
                  [33mstroke[39m=[32m"currentColor"[39m
                  [33mstroke-linecap[39m=[32m"round"[39m
                  [33mstroke-linejoin[39m=[32m"round"[39m
                  [33mstroke-width[39m=[32m"2"[39m
                  [33mviewBox[39m=[32m"0 0 24 24"[39m
                  [33mwidth[39m=[32m"24"[39m
                  [33mxmlns[39m=[32m"http://www.w3.org/2000/svg"[39m
                [36m>[39m
                  [36m<path[39m
                    [33md[39m=[32m"m9 18 6-6-6-6"[39m
                  [36m/>[39m
                [36m</svg>[39m
              [36m</button>[39m
            [36m</div>[39m
          [36m</div>[39m
        [36m</div>[39m
      [36m</div>[39m
    [36m</body>[39m

    [0m [90m 147 |[39m     render([33m<[39m[33mDoctorsTab[39m 
[33m/[39m[33m>[39m)[33m;[39m
     [90m 148 |[39m
    [31m[1m>[22m[39m[90m 149 |[39m     
fireEvent[33m.[39mclick(screen[33m.[39mgetByText([32m"Dr. 
One"[39m))[33m;[39m
     [90m     |[39m                            [31m[1m^[22m[39m
     [90m 150 |[39m     expect(pushMock)[33m.[39mtoHaveBeenCalledWith([32m
"/dashboard/doctor/1"[39m)[33m;[39m
     [90m 151 |[39m
     [90m 152 |[39m     fireEvent[33m.[39mchange(screen[33m.[39mgetByPlac
eholderText([32m"Search..."[39m)[33m,[39m {[0m

      at Object.getElementError 
(node_modules/@testing-library/dom/dist/config.js:37:19)
      at node_modules/@testing-library/dom/dist/query-helpers.js:76:38
      at node_modules/@testing-library/dom/dist/query-helpers.js:52:17
      at node_modules/@testing-library/dom/dist/query-helpers.js:95:19
      at Object.getByText (__tests__/doctors-tab.test.tsx:149:28)

  ÔùÅ DoctorsTab ÔÇ║ adds doctor with valid input and shows success

    expect(jest.fn()).toHaveBeenCalled()

    Expected number of calls: >= 1
    Received number of calls:    0

    [0m [90m 190 |[39m     
fireEvent[33m.[39mclick(addButtons[[35m1[39m])[33m;[39m
     [90m 191 |[39m
    [31m[1m>[22m[39m[90m 192 |[39m     
expect(doctorService[33m.[39madd)[33m.[39mtoHaveBeenCalled()[33m;[39m
     [90m     |[39m                               [31m[1m^[22m[39m
     [90m 193 |[39m     
expect(toast[33m.[39msuccess)[33m.[39mtoHaveBeenCalledWith(
     [90m 194 |[39m       [32m"Doctor added successfully 
(prototype)"[39m[33m,[39m
     [90m 195 |[39m     )[33m;[39m[0m

      at Object.toHaveBeenCalled (__tests__/doctors-tab.test.tsx:192:31)

  ÔùÅ DoctorsTab ÔÇ║ switches to visual mode

    TestingLibraryElementError: Unable to find an element with the text: Dr. 
One. This could be because the text is broken up by multiple elements. In this 
case, you can provide a function for your text matcher to make your matcher 
more flexible.

    Ignored nodes: comments, script, style
    [36m<body>[39m
      [36m<div>[39m
        [36m<div>[39m
          [36m<div[39m
            [33mclass[39m=[32m"flex items-center justify-between mb-3"[39m
          [36m>[39m
            [36m<h2[39m
              [33mclass[39m=[32m"font-display text-lg font-semibold 
text-foreground"[39m
            [36m>[39m
              [0mDoctors[0m
            [36m</h2>[39m
            [36m<div[39m
              [33mclass[39m=[32m"flex items-center gap-2"[39m
            [36m>[39m
              [36m<div[39m
                [33mclass[39m=[32m"relative w-56"[39m
              [36m>[39m
                [36m<svg[39m
                  [33maria-hidden[39m=[32m"true"[39m
                  [33mclass[39m=[32m"lucide lucide-search absolute left-2.5 
top-1/2 -translate-y-1/2 h-3.5 w-3.5 text-muted-foreground"[39m
                  [33mfill[39m=[32m"none"[39m
                  [33mheight[39m=[32m"24"[39m
                  [33mstroke[39m=[32m"currentColor"[39m
                  [33mstroke-linecap[39m=[32m"round"[39m
                  [33mstroke-linejoin[39m=[32m"round"[39m
                  [33mstroke-width[39m=[32m"2"[39m
                  [33mviewBox[39m=[32m"0 0 24 24"[39m
                  [33mwidth[39m=[32m"24"[39m
                  [33mxmlns[39m=[32m"http://www.w3.org/2000/svg"[39m
                [36m>[39m
                  [36m<path[39m
                    [33md[39m=[32m"m21 21-4.34-4.34"[39m
                  [36m/>[39m
                  [36m<circle[39m
                    [33mcx[39m=[32m"11"[39m
                    [33mcy[39m=[32m"11"[39m
                    [33mr[39m=[32m"8"[39m
                  [36m/>[39m
                [36m</svg>[39m
                [36m<input[39m
                  [33mplaceholder[39m=[32m"Search..."[39m
                  [33mvalue[39m=[32m""[39m
                [36m/>[39m
              [36m</div>[39m
              [36m<button[39m
                [33mtype[39m=[32m"button"[39m
              [36m>[39m
                [36m<svg[39m
                  [33maria-hidden[39m=[32m"true"[39m
                  [33mclass[39m=[32m"lucide lucide-plus h-3.5 w-3.5 
mr-1"[39m
                  [33mfill[39m=[32m"none"[39m
                  [33mheight[39m=[32m"24"[39m
                  [33mstroke[39m=[32m"currentColor"[39m
                  [33mstroke-linecap[39m=[32m"round"[39m
                  [33mstroke-linejoin[39m=[32m"round"[39m
                  [33mstroke-width[39m=[32m"2"[39m
                  [33mviewBox[39m=[32m"0 0 24 24"[39m
                  [33mwidth[39m=[32m"24"[39m
                  [33mxmlns[39m=[32m"http://www.w3.org/2000/svg"[39m
                [36m>[39m
                  [36m<path[39m
                    [33md[39m=[32m"M5 12h14"[39m
                  [36m/>[39m
                  [36m<path[39m
                    [33md[39m=[32m"M12 5v14"[39m
                  [36m/>[39m
                [36m</svg>[39m
                [0m Add Doctor[0m
              [36m</button>[39m
            [36m</div>[39m
          [36m</div>[39m
          [36m<div[39m
            [33mclass[39m=[32m"rounded-xl border border-border 
overflow-hidden bg-card"[39m
          [36m>[39m
            [36m<table>[39m
              [36m<thead>[39m
                [36m<tr>[39m
                  [36m<th>[39m
                    [0mName[0m
                  [36m</th>[39m
                  [36m<th>[39m
                    [0mAge[0m
                  [36m</th>[39m
                  [36m<th>[39m
                    [0mEmail[0m
                  [36m</th>[39m
                  [36m<th />[39m
                [36m</tr>[39m
              [36m</thead>[39m
              [36m<tbody>[39m
                [36m<tr>[39m
                  [36m<td>[39m
                    [0mLoading doctors...[0m
                  [36m</td>[39m
                [36m</tr>[39m
              [36m</tbody>[39m
            [36m</table>[39m
          [36m</div>[39m
          [36m<div[39m
            [33mclass[39m=[32m"flex items-center justify-between mt-3"[39m
          [36m>[39m
            [36m<p[39m
              [33mclass[39m=[32m"text-xs text-muted-foreground"[39m
            [36m>[39m
              [0m0 results[0m
            [36m</p>[39m
            [36m<div[39m
              [33mclass[39m=[32m"flex gap-1"[39m
            [36m>[39m
              [36m<button[39m
                [33mtype[39m=[32m"button"[39m
              [36m>[39m
                [36m<svg[39m
                  [33maria-hidden[39m=[32m"true"[39m
                  [33mclass[39m=[32m"lucide lucide-chevron-left h-3.5 
w-3.5"[39m
                  [33mfill[39m=[32m"none"[39m
                  [33mheight[39m=[32m"24"[39m
                  [33mstroke[39m=[32m"currentColor"[39m
                  [33mstroke-linecap[39m=[32m"round"[39m
                  [33mstroke-linejoin[39m=[32m"round"[39m
                  [33mstroke-width[39m=[32m"2"[39m
                  [33mviewBox[39m=[32m"0 0 24 24"[39m
                  [33mwidth[39m=[32m"24"[39m
                  [33mxmlns[39m=[32m"http://www.w3.org/2000/svg"[39m
                [36m>[39m
                  [36m<path[39m
                    [33md[39m=[32m"m15 18-6-6 6-6"[39m
                  [36m/>[39m
                [36m</svg>[39m
              [36m</button>[39m
              [36m<button[39m
                [33mtype[39m=[32m"button"[39m
              [36m>[39m
                [36m<svg[39m
                  [33maria-hidden[39m=[32m"true"[39m
                  [33mclass[39m=[32m"lucide lucide-chevron-right h-3.5 
w-3.5"[39m
                  [33mfill[39m=[32m"none"[39m
                  [33mheight[39m=[32m"24"[39m
                  [33mstroke[39m=[32m"currentColor"[39m
                  [33mstroke-linecap[39m=[32m"round"[39m
                  [33mstroke-linejoin[39m=[32m"round"[39m
                  [33mstroke-width[39m=[32m"2"[39m
                  [33mviewBox[39m=[32m"0 0 24 24"[39m
                  [33mwidth[39m=[32m"24"[39m
                  [33mxmlns[39m=[32m"http://www.w3.org/2000/svg"[39m
                [36m>[39m
                  [36m<path[39m
                    [33md[39m=[32m"m9 18 6-6-6-6"[39m
                  [36m/>[39m
                [36m</svg>[39m
              [36m</button>[39m
            [36m</div>[39m
          [36m</div>[39m
        [36m</div>[39m
      [36m</div>[39m
    [36m</body>[39m

    [0m [90m 223 |[39m     
fireEvent[33m.[39mclick(buttons[[35m1[39m])[33m;[39m
     [90m 224 |[39m
    [31m[1m>[22m[39m[90m 225 |[39m     
expect(screen[33m.[39mgetByText([32m"Dr. 
One"[39m))[33m.[39mtoBeInTheDocument()[33m;[39m
     [90m     |[39m                   [31m[1m^[22m[39m
     [90m 226 |[39m   })[33m;[39m
     [90m 227 |[39m })[33m;[39m
     [90m 228 |[39m[0m

      at Object.getElementError 
(node_modules/@testing-library/dom/dist/config.js:37:19)
      at node_modules/@testing-library/dom/dist/query-helpers.js:76:38
      at node_modules/@testing-library/dom/dist/query-helpers.js:52:17
      at node_modules/@testing-library/dom/dist/query-helpers.js:95:19
      at Object.getByText (__tests__/doctors-tab.test.tsx:225:19)

PASS __tests__/appointments-section.test.tsx
PASS __tests__/schedule-dialog.test.tsx
PASS __tests__/login-screen.test.tsx
----------------------------------|---------|----------|---------|---------|-----------------------------------------------------------------------------------------------
File                              | % Stmts | % Branch | % Funcs | % Lines | Uncovered Line #s                                                                             
----------------------------------|---------|----------|---------|---------|-----------------------------------------------------------------------------------------------
All files                         |   18.41 |    73.28 |   61.71 |   18.41 |                                                                                               
 components                       |   73.86 |    81.48 |   83.33 |   73.86 |                                                                                               
  AppProviders.tsx                |     100 |      100 |     100 |     100 |                                                                                               
  BrowserActivityMonitor.tsx      |       0 |        0 |       0 |       0 | 1-59                                                                                          
  HealthProgressQuickButton.tsx   |     100 |      100 |     100 |     100 |                                                                                               
  Logo.tsx                        |     100 |      100 |     100 |     100 |                                                                                               
  NavLink.tsx                     |     100 |    66.66 |     100 |     100 | 22                                                                                            
  ProtectedRoute.tsx              |   89.13 |    84.21 |     100 |   89.13 | 39-43,63-66,80                                                                                
 components/dashboard             |   89.37 |    77.98 |   68.18 |   89.37 |                                                                                               
  AppointmentsSection.tsx         |   89.76 |    79.31 |      75 |   89.76 | 94-102,161-162,178-179,192-193,226-228,297-309,311-314                                        
  DoctorsTab.tsx                  |   81.48 |    73.91 |      60 |   81.48 | 64,75,87-88,96-124,126-150,154-162,165-169,184-186,231-232,396,415-418                        
  PatientsTab.tsx                 |   97.45 |       75 |   71.42 |   97.45 | 38,55-57,153-154,214-215                                                                      
  ScheduleDialog.tsx              |   89.24 |    85.71 |      50 |   89.24 | 53-54,83-84,116-121,136-137,141-148,169,178-184,212,215,236,239,290-293,358-361               
  SettingsTab.tsx                 |   91.64 |    71.42 |     100 |   91.64 | 32-33,39-40,48-49,70-71,78-79,113-115,118-120,138-142,152-154,157-159,168-172                 
 contexts                         |   97.91 |    77.77 |     100 |   97.91 |                                                                                               
  ThemeContext.tsx                |   97.91 |    77.77 |     100 |   97.91 | 29                                                                                            
 hooks                            |     100 |      100 |     100 |     100 |                                                                                               
  use-mobile.tsx                  |     100 |      100 |     100 |     100 |                                                                                               
 lib                              |   88.78 |    82.71 |   91.66 |   88.78 |                                                                                               
  prisma.ts                       |       0 |        0 |       0 |       0 | 1-24                                                                                          
  utils.ts                        |     100 |      100 |     100 |     100 |                                                                                               
  validation.ts                   |   93.96 |    83.54 |     100 |   93.96 | 75-76,102-103,114-115,127-128,132-133,139-140,178-179,202-203,208-209,272,274-275,301,310-311 
 lib/domain                       |       0 |        0 |       0 |       0 |                                                                                               
  index.ts                        |       0 |        0 |       0 |       0 | 1-7                                                                                           
  types.ts                        |       0 |        0 |       0 |       0 | 1-51                                                                                          
 lib/generated/prisma             |       0 |        0 |       0 |       0 |                                                                                               
  browser.ts                      |       0 |        0 |       0 |       0 | 1-44                                                                                          
  client.ts                       |       0 |        0 |       0 |       0 | 1-68                                                                                          
  commonInputTypes.ts             |       0 |        0 |       0 |       0 | 1-393                                                                                         
  enums.ts                        |       0 |        0 |       0 |       0 | 1-15                                                                                          
  models.ts                       |       0 |        0 |       0 |       0 | 1-16                                                                                          
 lib/generated/prisma/internal    |       0 |        0 |       0 |       0 |                                                                                               
  class.ts                        |       0 |        0 |       0 |       0 | 1-244                                                                                         
  prismaNamespace.ts              |       0 |        0 |       0 |       0 | 1-1149                                                                                        
  prismaNamespaceBrowser.ts       |       0 |        0 |       0 |       0 | 1-174                                                                                         
 lib/generated/prisma/models      |       0 |        0 |       0 |       0 |                                                                                               
  Appointment.ts                  |       0 |        0 |       0 |       0 | 1-1559                                                                                        
  Doctor.ts                       |       0 |        0 |       0 |       0 | 1-1452                                                                                        
  HealthMetrics.ts                |       0 |        0 |       0 |       0 | 1-1670                                                                                        
  HealthMetricsHistory.ts         |       0 |        0 |       0 |       0 | 1-1771                                                                                        
  Patient.ts                      |       0 |        0 |       0 |       0 | 1-1644                                                                                        
 lib/repositories                 |       0 |        0 |       0 |       0 |                                                                                               
  appointmentsRepository.ts       |       0 |        0 |       0 |       0 | 1-117                                                                                         
  doctorsRepository.ts            |       0 |        0 |       0 |       0 | 1-82                                                                                          
  patientsRepository.ts           |       0 |        0 |       0 |       0 | 1-191                                                                                         
 lib/services/client              |   59.81 |    71.11 |   65.57 |   59.81 |                                                                                               
  appointmentService.ts           |    85.5 |    80.95 |   91.66 |    85.5 | 18-29,59-60,69-70,82-83,130-131                                                               
  authService.ts                  |   69.33 |    65.62 |   73.33 |   69.33 | 16-17,25-26,33-34,41-42,49-50,65-66,75-76,81-82,102,117-123,125-134,136-147                   
  browserCookieMonitorService.ts  |    97.8 |     90.9 |     100 |    97.8 | 41-42,58-59                                                                                   
  doctorService.ts                |   37.11 |       50 |    9.09 |   37.11 | 36-41,44-50,53-68,72-76,79-86,104-107,110-117,120-137,140-155,158-173,176-193                 
  healthProgressService.ts        |       0 |        0 |       0 |       0 | 1-46                                                                                          
  noteService.ts                  |   40.47 |       50 |   66.66 |   40.47 | 4-19,24-29,39-41                                                                              
  patientService.ts               |   25.43 |     37.5 |   42.85 |   25.43 | 7-25,34-41,45-50,58-64,66-87,89-110,113                                                       
 lib/services/server              |       0 |        0 |       0 |       0 |                                                                                               
  appointmentManagementService.ts |       0 |        0 |       0 |       0 | 1-197                                                                                         
  doctorManagementService.ts      |       0 |        0 |       0 |       0 | 1-308                                                                                         
  emailService.ts                 |       0 |        0 |       0 |       0 | 1-126                                                                                         
  healthProgressService.ts        |       0 |        0 |       0 |       0 | 1-221                                                                                         
  patientManagementService.ts     |       0 |        0 |       0 |       0 | 1-311                                                                                         
----------------------------------|---------|----------|---------|---------|-----------------------------------------------------------------------------------------------

Summary of all failing tests
FAIL __tests__/doctor-patient-note-services.test.ts
  ÔùÅ doctorService ÔÇ║ adds doctor with generated avatar and removes doctor

    expect(received).toBe(expected) // Object.is equality

    Expected: "JS"
    Received: undefined

    [0m [90m 12 |[39m     })[33m;[39m
     [90m 13 |[39m
    [31m[1m>[22m[39m[90m 14 |[39m     
expect(created[33m.[39mavatar)[33m.[39mtoBe([32m"JS"[39m)[33m;[39m
     [90m    |[39m                            [31m[1m^[22m[39m
     [90m 15 |[39m     expect(doctorService[33m.[39mgetById(created[33m.[
39mid)[33m?[39m[33m.[39mname)[33m.[39mtoBe([32m"Jane 
Smith"[39m)[33m;[39m
     [90m 16 |[39m
     [90m 17 |[39m     
doctorService[33m.[39mremove(created[33m.[39mid)[33m;[39m[0m

      at Object.toBe (__tests__/doctor-patient-note-services.test.ts:14:28)

  ÔùÅ patientService ÔÇ║ updates patient metrics and appends to history

    TypeError: Cannot read properties of undefined (reading 'length')

    [0m [90m 25 |[39m     expect(patient)[33m.[39mtoBeDefined()[33m;[39m
     [90m 26 |[39m
    [31m[1m>[22m[39m[90m 27 |[39m     [36mconst[39m 
previousHistoryLength [33m=[39m 
patient[33m![39m[33m.[39mmetricsHistory[33m.[39mlength[33m;[39m
     [90m    |[39m                                                           
[31m[1m^[22m[39m
     [90m 28 |[39m     [36mconst[39m updated [33m=[39m 
patientService[33m.[39mupdateMetrics([32m"1"[39m[33m,[39m {
     [90m 29 |[39m       
[33m...[39mpatient[33m![39m[33m.[39mmetrics[33m,[39m
     [90m 30 |[39m       weight[33m:[39m 
patient[33m![39m[33m.[39mmetrics[33m.[39mweight [33m+[39m 
[35m1[39m[33m,[39m[0m

      at Object.length (__tests__/doctor-patient-note-services.test.ts:27:59)

  ÔùÅ patientService ÔÇ║ returns undefined for missing patient

    expect(received).toBeUndefined()

    Received: Promise {}

    [0m [90m 37 |[39m
     [90m 38 |[39m   it([32m"returns undefined for missing 
patient"[39m[33m,[39m () [33m=>[39m {
    [31m[1m>[22m[39m[90m 39 |[39m     expect(patientService[33m.[39mget
ById([32m"missing"[39m))[33m.[39mtoBeUndefined()[33m;[39m
     [90m    |[39m                                               
[31m[1m^[22m[39m
     [90m 40 |[39m     expect(
     [90m 41 |[39m       
patientService[33m.[39mupdateMetrics([32m"missing"[39m[33m,[39m {
     [90m 42 |[39m         date[33m:[39m 
[32m"2026-01-01"[39m[33m,[39m[0m

      at Object.toBeUndefined 
(__tests__/doctor-patient-note-services.test.ts:39:47)

  ÔùÅ noteService ÔÇ║ stores and retrieves notes by patient id

    expect(received).toBe(expected) // Object.is equality

    Expected: "New note"
    Received: undefined

    [0m [90m 62 |[39m     [36mconst[39m notes [33m=[39m 
noteService[33m.[39mgetAllByPatientId()[33m;[39m
     [90m 63 |[39m
    [31m[1m>[22m[39m[90m 64 |[39m     
expect(notes[[32m"1"[39m])[33m.[39mtoBe([32m"New note"[39m)[33m;[39m
     [90m    |[39m                        [31m[1m^[22m[39m
     [90m 65 |[39m   })[33m;[39m
     [90m 66 |[39m })[33m;[39m
     [90m 67 |[39m[0m

      at Object.toBe (__tests__/doctor-patient-note-services.test.ts:64:24)

FAIL __tests__/validation.test.ts
  ÔùÅ validation ÔÇ║ validates doctor form and sanitizes output

    expect(received).toBe(expected) // Object.is equality

    Expected: true
    Received: false

    [0m [90m 88 |[39m       phone[33m:[39m [32m"+1 
555-000-1234"[39m[33m,[39m
     [90m 89 |[39m     })[33m;[39m
    [31m[1m>[22m[39m[90m 90 |[39m     
expect(valid[33m.[39misValid)[33m.[39mtoBe([36mtrue[39m)[33m;[39m
     [90m    |[39m                           [31m[1m^[22m[39m
     [90m 91 |[39m     
expect(valid[33m.[39msanitized[33m.[39mname)[33m.[39mtoBe([32m"Ana 
Maria"[39m)[33m;[39m
     [90m 92 |[39m     expect(valid[33m.[39msanitized[33m.[39memail)[33m
.[39mtoBe([32m"ana@mail.com"[39m)[33m;[39m
     [90m 93 |[39m   })[33m;[39m[0m

      at Object.toBe (__tests__/validation.test.ts:90:27)

  ÔùÅ validation ÔÇ║ validates username and password change forms

    expect(received).toBe(expected) // Object.is equality

    Expected: true
    Received: false

    [0m [90m 107 |[39m       newPassword[33m:[39m 
[32m"newpass123"[39m[33m,[39m
     [90m 108 |[39m     })[33m;[39m
    [31m[1m>[22m[39m[90m 109 |[39m     
expect(pwdValid[33m.[39misValid)[33m.[39mtoBe([36mtrue[39m)[33m;[39m
     [90m     |[39m                              [31m[1m^[22m[39m
     [90m 110 |[39m   })[33m;[39m
     [90m 111 |[39m
     [90m 112 |[39m   it([32m"validates doctor notes max 
length"[39m[33m,[39m () [33m=>[39m {[0m

      at Object.toBe (__tests__/validation.test.ts:109:30)

FAIL tests_playwright/login.spec.ts
  ÔùÅ Test suite failed to run

    TypeError: Class extends value undefined is not a constructor or null

    [0m [90m 3 |[39m [36mconst[39m fillInputStable [33m=[39m 
[36masync[39m (input[33m:[39m [33mLocator[39m[33m,[39m 
value[33m:[39m string) [33m=>[39m {
     [90m 4 |[39m   [36mfor[39m ([36mlet[39m i [33m=[39m 
[35m0[39m[33m;[39m i [33m<[39m [35m4[39m[33m;[39m i[33m++[39m) {
    [31m[1m>[22m[39m[90m 5 |[39m     [36mawait[39m 
input[33m.[39mfill(value)[33m;[39m
     [90m   |[39m               [31m[1m^[22m[39m
     [90m 6 |[39m     [36mif[39m (([36mawait[39m 
input[33m.[39minputValue()) [33m===[39m value) {
     [90m 7 |[39m       [36mreturn[39m[33m;[39m
     [90m 8 |[39m     }[0m

      at Object.<anonymous> 
(node_modules/playwright-core/lib/mcpBundleImpl/index.js:119:3983)
      at Object.<anonymous> 
(node_modules/playwright-core/lib/mcpBundle.js:49:22)
      at Object.<anonymous> 
(node_modules/playwright-core/lib/server/utils/nodePlatform.js:45:24)
      at Object.<anonymous> (node_modules/playwright-core/lib/utils.js:56:27)
      at Object.<anonymous> 
(node_modules/playwright-core/lib/server/registry/index.js:48:20)
      at Object.<anonymous> 
(node_modules/playwright-core/lib/server/index.js:37:23)
      at Object.<anonymous> 
(node_modules/playwright-core/lib/remote/playwrightConnection.js:24:21)
      at Object.<anonymous> 
(node_modules/playwright-core/lib/remote/playwrightServer.js:24:35)
      at Object.<anonymous> 
(node_modules/playwright-core/lib/androidServerImpl.js:24:31)
      at Object.<anonymous> 
(node_modules/playwright-core/lib/inProcessFactory.js:24:32)
      at Object.<anonymous> 
(node_modules/playwright-core/lib/inprocess.js:2:31)
      at Object.<anonymous> (node_modules/playwright-core/index.js:32:18)
      at Object.<anonymous> (node_modules/playwright/lib/index.js:41:33)
      at Object.<anonymous> (node_modules/playwright/test.js:17:13)
      at Object.<anonymous> (node_modules/@playwright/test/index.js:17:18)
      at Object.<anonymous> (tests_playwright/login.spec.ts:5:15)

FAIL tests_playwright/appointment-scheduling.spec.ts
  ÔùÅ Test suite failed to run

    TypeError: Class extends value undefined is not a constructor or null

    [0m [90m 3 |[39m [36mconst[39m fillInputStable [33m=[39m 
[36masync[39m (input[33m:[39m [33mLocator[39m[33m,[39m 
value[33m:[39m string) [33m=>[39m {
     [90m 4 |[39m   [36mfor[39m ([36mlet[39m i [33m=[39m 
[35m0[39m[33m;[39m i [33m<[39m [35m4[39m[33m;[39m i[33m++[39m) {
    [31m[1m>[22m[39m[90m 5 |[39m     [36mawait[39m 
input[33m.[39mfill(value)[33m;[39m
     [90m   |[39m               [31m[1m^[22m[39m
     [90m 6 |[39m     [36mif[39m (([36mawait[39m 
input[33m.[39minputValue()) [33m===[39m value) {
     [90m 7 |[39m       [36mreturn[39m[33m;[39m
     [90m 8 |[39m     }[0m

      at Object.<anonymous> 
(node_modules/playwright-core/lib/mcpBundleImpl/index.js:119:3983)
      at Object.<anonymous> 
(node_modules/playwright-core/lib/mcpBundle.js:49:22)
      at Object.<anonymous> 
(node_modules/playwright-core/lib/server/utils/nodePlatform.js:45:24)
      at Object.<anonymous> (node_modules/playwright-core/lib/utils.js:56:27)
      at Object.<anonymous> 
(node_modules/playwright-core/lib/server/registry/index.js:48:20)
      at Object.<anonymous> 
(node_modules/playwright-core/lib/server/index.js:37:23)
      at Object.<anonymous> 
(node_modules/playwright-core/lib/remote/playwrightConnection.js:24:21)
      at Object.<anonymous> 
(node_modules/playwright-core/lib/remote/playwrightServer.js:24:35)
      at Object.<anonymous> 
(node_modules/playwright-core/lib/androidServerImpl.js:24:31)
      at Object.<anonymous> 
(node_modules/playwright-core/lib/inProcessFactory.js:24:32)
      at Object.<anonymous> 
(node_modules/playwright-core/lib/inprocess.js:2:31)
      at Object.<anonymous> (node_modules/playwright-core/index.js:32:18)
      at Object.<anonymous> (node_modules/playwright/lib/index.js:41:33)
      at Object.<anonymous> (node_modules/playwright/test.js:17:13)
      at Object.<anonymous> (node_modules/@playwright/test/index.js:17:18)
      at Object.<anonymous> 
(tests_playwright/appointment-scheduling.spec.ts:5:15)

FAIL tests_playwright/dashboard-health-progress.spec.ts
  ÔùÅ Test suite failed to run

    TypeError: Class extends value undefined is not a constructor or null

    [0m [90m 3 |[39m [36mconst[39m fillInputStable [33m=[39m 
[36masync[39m (input[33m:[39m [33mLocator[39m[33m,[39m 
value[33m:[39m string) [33m=>[39m {
     [90m 4 |[39m   [36mfor[39m ([36mlet[39m i [33m=[39m 
[35m0[39m[33m;[39m i [33m<[39m [35m4[39m[33m;[39m i[33m++[39m) {
    [31m[1m>[22m[39m[90m 5 |[39m     [36mawait[39m 
input[33m.[39mfill(value)[33m;[39m
     [90m   |[39m               [31m[1m^[22m[39m
     [90m 6 |[39m     [36mif[39m (([36mawait[39m 
input[33m.[39minputValue()) [33m===[39m value) {
     [90m 7 |[39m       [36mreturn[39m[33m;[39m
     [90m 8 |[39m     }[0m

      at Object.<anonymous> 
(node_modules/playwright-core/lib/mcpBundleImpl/index.js:119:3983)
      at Object.<anonymous> 
(node_modules/playwright-core/lib/mcpBundle.js:49:22)
      at Object.<anonymous> 
(node_modules/playwright-core/lib/server/utils/nodePlatform.js:45:24)
      at Object.<anonymous> (node_modules/playwright-core/lib/utils.js:56:27)
      at Object.<anonymous> 
(node_modules/playwright-core/lib/server/registry/index.js:48:20)
      at Object.<anonymous> 
(node_modules/playwright-core/lib/server/index.js:37:23)
      at Object.<anonymous> 
(node_modules/playwright-core/lib/remote/playwrightConnection.js:24:21)
      at Object.<anonymous> 
(node_modules/playwright-core/lib/remote/playwrightServer.js:24:35)
      at Object.<anonymous> 
(node_modules/playwright-core/lib/androidServerImpl.js:24:31)
      at Object.<anonymous> 
(node_modules/playwright-core/lib/inProcessFactory.js:24:32)
      at Object.<anonymous> 
(node_modules/playwright-core/lib/inprocess.js:2:31)
      at Object.<anonymous> (node_modules/playwright-core/index.js:32:18)
      at Object.<anonymous> (node_modules/playwright/lib/index.js:41:33)
      at Object.<anonymous> (node_modules/playwright/test.js:17:13)
      at Object.<anonymous> (node_modules/@playwright/test/index.js:17:18)
      at Object.<anonymous> 
(tests_playwright/dashboard-health-progress.spec.ts:5:15)

FAIL __tests__/patients-tab.test.tsx
  ÔùÅ PatientsTab ÔÇ║ navigates to patient details from table row

    TestingLibraryElementError: Unable to find an element with the text: 
Patient One. This could be because the text is broken up by multiple elements. 
In this case, you can provide a function for your text matcher to make your 
matcher more flexible.

    Ignored nodes: comments, script, style
    [36m<body>[39m
      [36m<div>[39m
        [36m<div>[39m
          [36m<div[39m
            [33mclass[39m=[32m"flex items-center justify-between mb-3"[39m
          [36m>[39m
            [36m<h2[39m
              [33mclass[39m=[32m"font-display text-lg font-semibold 
text-foreground"[39m
            [36m>[39m
              [0mPatients[0m
            [36m</h2>[39m
            [36m<div[39m
              [33mclass[39m=[32m"flex items-center gap-2"[39m
            [36m>[39m
              [36m<div[39m
                [33mclass[39m=[32m"relative w-56"[39m
              [36m>[39m
                [36m<svg[39m
                  [33maria-hidden[39m=[32m"true"[39m
                  [33mclass[39m=[32m"lucide lucide-search absolute left-2.5 
top-1/2 -translate-y-1/2 h-3.5 w-3.5 text-muted-foreground"[39m
                  [33mfill[39m=[32m"none"[39m
                  [33mheight[39m=[32m"24"[39m
                  [33mstroke[39m=[32m"currentColor"[39m
                  [33mstroke-linecap[39m=[32m"round"[39m
                  [33mstroke-linejoin[39m=[32m"round"[39m
                  [33mstroke-width[39m=[32m"2"[39m
                  [33mviewBox[39m=[32m"0 0 24 24"[39m
                  [33mwidth[39m=[32m"24"[39m
                  [33mxmlns[39m=[32m"http://www.w3.org/2000/svg"[39m
                [36m>[39m
                  [36m<path[39m
                    [33md[39m=[32m"m21 21-4.34-4.34"[39m
                  [36m/>[39m
                  [36m<circle[39m
                    [33mcx[39m=[32m"11"[39m
                    [33mcy[39m=[32m"11"[39m
                    [33mr[39m=[32m"8"[39m
                  [36m/>[39m
                [36m</svg>[39m
                [36m<input[39m
                  [33mplaceholder[39m=[32m"Search..."[39m
                  [33mvalue[39m=[32m""[39m
                [36m/>[39m
              [36m</div>[39m
              [36m<div[39m
                [33mclass[39m=[32m"flex items-center rounded-lg border 
border-border bg-card p-0.5"[39m
              [36m>[39m
                [36m<button[39m
                  [33mtype[39m=[32m"button"[39m
                [36m>[39m
                  [36m<svg[39m
                    [33maria-hidden[39m=[32m"true"[39m
                    [33mclass[39m=[32m"lucide lucide-list h-3.5 w-3.5"[39m
                    [33mfill[39m=[32m"none"[39m
                    [33mheight[39m=[32m"24"[39m
                    [33mstroke[39m=[32m"currentColor"[39m
                    [33mstroke-linecap[39m=[32m"round"[39m
                    [33mstroke-linejoin[39m=[32m"round"[39m
                    [33mstroke-width[39m=[32m"2"[39m
                    [33mviewBox[39m=[32m"0 0 24 24"[39m
                    [33mwidth[39m=[32m"24"[39m
                    [33mxmlns[39m=[32m"http://www.w3.org/2000/svg"[39m
                  [36m>[39m
                    [36m<path[39m
                      [33md[39m=[32m"M3 5h.01"[39m
                    [36m/>[39m
                    [36m<path[39m
                      [33md[39m=[32m"M3 12h.01"[39m
                    [36m/>[39m
                    [36m<path[39m
                      [33md[39m=[32m"M3 19h.01"[39m
                    [36m/>[39m
                    [36m<path[39m
                      [33md[39m=[32m"M8 5h13"[39m
                    [36m/>[39m
                    [36m<path[39m
                      [33md[39m=[32m"M8 12h13"[39m
                    [36m/>[39m
                    [36m<path[39m
                      [33md[39m=[32m"M8 19h13"[39m
                    [36m/>[39m
                  [36m</svg>[39m
                [36m</button>[39m
                [36m<button[39m
                  [33mtype[39m=[32m"button"[39m
                [36m>[39m
                  [36m<svg[39m
                    [33maria-hidden[39m=[32m"true"[39m
                    [33mclass[39m=[32m"lucide lucide-layout-grid h-3.5 
w-3.5"[39m
                    [33mfill[39m=[32m"none"[39m
                    [33mheight[39m=[32m"24"[39m
                    [33mstroke[39m=[32m"currentColor"[39m
                    [33mstroke-linecap[39m=[32m"round"[39m
                    [33mstroke-linejoin[39m=[32m"round"[39m
                    [33mstroke-width[39m=[32m"2"[39m
                    [33mviewBox[39m=[32m"0 0 24 24"[39m
                    [33mwidth[39m=[32m"24"[39m
                    [33mxmlns[39m=[32m"http://www.w3.org/2000/svg"[39m
                  [36m>[39m
                    [36m<rect[39m
                      [33mheight[39m=[32m"7"[39m
                      [33mrx[39m=[32m"1"[39m
                      [33mwidth[39m=[32m"7"[39m
                      [33mx[39m=[32m"3"[39m
                      [33my[39m=[32m"3"[39m
                    [36m/>[39m
                    [36m<rect[39m
                      [33mheight[39m=[32m"7"[39m
                      [33mrx[39m=[32m"1"[39m
                      [33mwidth[39m=[32m"7"[39m
                      [33mx[39m=[32m"14"[39m
                      [33my[39m=[32m"3"[39m
                    [36m/>[39m
                    [36m<rect[39m
                      [33mheight[39m=[32m"7"[39m
                      [33mrx[39m=[32m"1"[39m
                      [33mwidth[39m=[32m"7"[39m
                      [33mx[39m=[32m"14"[39m
                      [33my[39m=[32m"14"[39m
                    [36m/>[39m
                    [36m<rect[39m
                      [33mheight[39m=[32m"7"[39m
                      [33mrx[39m=[32m"1"[39m
                      [33mwidth[39m=[32m"7"[39m
                      [33mx[39m=[32m"3"[39m
                      [33my[39m=[32m"14"[39m
                    [36m/>[39m
                  [36m</svg>[39m
                [36m</button>[39m
              [36m</div>[39m
            [36m</div>[39m
          [36m</div>[39m
          [36m<div[39m
            [33mclass[39m=[32m"rounded-xl border border-border 
overflow-hidden bg-card"[39m
          [36m>[39m
            [36m<table>[39m
              [36m<thead>[39m
                [36m<tr>[39m
                  [36m<th>[39m
                    [0mName[0m
                  [36m</th>[39m
                  [36m<th>[39m
                    [0mAge[0m
                  [36m</th>[39m
                  [36m<th>[39m
                    [0mLast Visit[0m
                  [36m</th>[39m
                  [36m<th>[39m
                    [0mWeight[0m
                  [36m</th>[39m
                  [36m<th>[39m
                    [0mBMI[0m
                  [36m</th>[39m
                  [36m<th />[39m
                [36m</tr>[39m
              [36m</thead>[39m
              [36m<tbody>[39m
                [36m<tr>[39m
                  [36m<td>[39m
                    [0mLoading patients...[0m
                  [36m</td>[39m
                [36m</tr>[39m
              [36m</tbody>[39m
            [36m</table>[39m
          [36m</div>[39m
          [36m<div[39m
            [33mclass[39m=[32m"flex items-center justify-between mt-3"[39m
          [36m>[39m
            [36m<p[39m
              [33mclass[39m=[32m"text-xs text-muted-foreground"[39m
            [36m>[39m
              [0m0 results[0m
            [36m</p>[39m
            [36m<div[39m
              [33mclass[39m=[32m"flex gap-1"[39m
            [36m>[39m
              [36m<button[39m
                [33mtype[39m=[32m"button"[39m
              [36m>[39m
                [36m<svg[39m
                  [33maria-hidden[39m=[32m"true"[39m
                  [33mclass[39m=[32m"lucide lucide-chevron-left h-3.5 
w-3.5"[39m
                  [33mfill[39m=[32m"none"[39m
                  [33mheight[39m=[32m"24"[39m
                  [33mstroke[39m=[32m"currentColor"[39m
                  [33mstroke-linecap[39m=[32m"round"[39m
                  [33mstroke-linejoin[39m=[32m"round"[39m
                  [33mstroke-width[39m=[32m"2"[39m
                  [33mviewBox[39m=[32m"0 0 24 24"[39m
                  [33mwidth[39m=[32m"24"[39m
                  [33mxmlns[39m=[32m"http://www.w3.org/2000/svg"[39m
                [36m>[39m
                  [36m<path[39m
                    [33md[39m=[32m"m15 18-6-6 6-6"[39m
                  [36m/>[39m
                [36m</svg>[39m
              [36m</button>[39m
              [36m<button[39m
                [33mtype[39m=[32m"button"[39m
              [36m>[39m
                [36m<svg[39m
                  [33maria-hidden[39m=[32m"true"[39m
                  [33mclass[39m=[32m"lucide lucide-chevron-right h-3.5 
w-3.5"[39m
                  [33mfill[39m=[32m"none"[39m
                  [33mheight[39m=[32m"24"[39m
                  [33mstroke[39m=[32m"currentColor"[39m
                  [33mstroke-linecap[39m=[32m"round"[39m
                  [33mstroke-linejoin[39m=[32m"round"[39m
                  [33mstroke-width[39m=[32m"2"[39m
                  [33mviewBox[39m=[32m"0 0 24 24"[39m
                  [33mwidth[39m=[32m"24"[39m
                  [33mxmlns[39m=[32m"http://www.w3.org/2000/svg"[39m
                [36m>[39m
                  [36m<path[39m
                    [33md[39m=[32m"m9 18 6-6-6-6"[39m
                  [36m/>[39m
                [36m</svg>[39m
              [36m</button>[39m
            [36m</div>[39m
          [36m</div>[39m
        [36m</div>[39m
      [36m</div>[39m
    [36m</body>[39m

    [0m [90m 133 |[39m     render([33m<[39m[33mPatientsTab[39m 
[33m/[39m[33m>[39m)[33m;[39m
     [90m 134 |[39m
    [31m[1m>[22m[39m[90m 135 |[39m     
fireEvent[33m.[39mclick(screen[33m.[39mgetByText([32m"Patient 
One"[39m))[33m;[39m
     [90m     |[39m                            [31m[1m^[22m[39m
     [90m 136 |[39m     expect(pushMock)[33m.[39mtoHaveBeenCalledWith([32m
"/dashboard/patient/1"[39m)[33m;[39m
     [90m 137 |[39m   })[33m;[39m
     [90m 138 |[39m[0m

      at Object.getElementError 
(node_modules/@testing-library/dom/dist/config.js:37:19)
      at node_modules/@testing-library/dom/dist/query-helpers.js:76:38
      at node_modules/@testing-library/dom/dist/query-helpers.js:52:17
      at node_modules/@testing-library/dom/dist/query-helpers.js:95:19
      at Object.getByText (__tests__/patients-tab.test.tsx:135:28)

  ÔùÅ PatientsTab ÔÇ║ filters by search and resets page

    TestingLibraryElementError: Unable to find an element with the text: 
Patient Six. This could be because the text is broken up by multiple elements. 
In this case, you can provide a function for your text matcher to make your 
matcher more flexible.

    Ignored nodes: comments, script, style
    [36m<body>[39m
      [36m<div>[39m
        [36m<div>[39m
          [36m<div[39m
            [33mclass[39m=[32m"flex items-center justify-between mb-3"[39m
          [36m>[39m
            [36m<h2[39m
              [33mclass[39m=[32m"font-display text-lg font-semibold 
text-foreground"[39m
            [36m>[39m
              [0mPatients[0m
            [36m</h2>[39m
            [36m<div[39m
              [33mclass[39m=[32m"flex items-center gap-2"[39m
            [36m>[39m
              [36m<div[39m
                [33mclass[39m=[32m"relative w-56"[39m
              [36m>[39m
                [36m<svg[39m
                  [33maria-hidden[39m=[32m"true"[39m
                  [33mclass[39m=[32m"lucide lucide-search absolute left-2.5 
top-1/2 -translate-y-1/2 h-3.5 w-3.5 text-muted-foreground"[39m
                  [33mfill[39m=[32m"none"[39m
                  [33mheight[39m=[32m"24"[39m
                  [33mstroke[39m=[32m"currentColor"[39m
                  [33mstroke-linecap[39m=[32m"round"[39m
                  [33mstroke-linejoin[39m=[32m"round"[39m
                  [33mstroke-width[39m=[32m"2"[39m
                  [33mviewBox[39m=[32m"0 0 24 24"[39m
                  [33mwidth[39m=[32m"24"[39m
                  [33mxmlns[39m=[32m"http://www.w3.org/2000/svg"[39m
                [36m>[39m
                  [36m<path[39m
                    [33md[39m=[32m"m21 21-4.34-4.34"[39m
                  [36m/>[39m
                  [36m<circle[39m
                    [33mcx[39m=[32m"11"[39m
                    [33mcy[39m=[32m"11"[39m
                    [33mr[39m=[32m"8"[39m
                  [36m/>[39m
                [36m</svg>[39m
                [36m<input[39m
                  [33mplaceholder[39m=[32m"Search..."[39m
                  [33mvalue[39m=[32m"Six"[39m
                [36m/>[39m
              [36m</div>[39m
              [36m<div[39m
                [33mclass[39m=[32m"flex items-center rounded-lg border 
border-border bg-card p-0.5"[39m
              [36m>[39m
                [36m<button[39m
                  [33mtype[39m=[32m"button"[39m
                [36m>[39m
                  [36m<svg[39m
                    [33maria-hidden[39m=[32m"true"[39m
                    [33mclass[39m=[32m"lucide lucide-list h-3.5 w-3.5"[39m
                    [33mfill[39m=[32m"none"[39m
                    [33mheight[39m=[32m"24"[39m
                    [33mstroke[39m=[32m"currentColor"[39m
                    [33mstroke-linecap[39m=[32m"round"[39m
                    [33mstroke-linejoin[39m=[32m"round"[39m
                    [33mstroke-width[39m=[32m"2"[39m
                    [33mviewBox[39m=[32m"0 0 24 24"[39m
                    [33mwidth[39m=[32m"24"[39m
                    [33mxmlns[39m=[32m"http://www.w3.org/2000/svg"[39m
                  [36m>[39m
                    [36m<path[39m
                      [33md[39m=[32m"M3 5h.01"[39m
                    [36m/>[39m
                    [36m<path[39m
                      [33md[39m=[32m"M3 12h.01"[39m
                    [36m/>[39m
                    [36m<path[39m
                      [33md[39m=[32m"M3 19h.01"[39m
                    [36m/>[39m
                    [36m<path[39m
                      [33md[39m=[32m"M8 5h13"[39m
                    [36m/>[39m
                    [36m<path[39m
                      [33md[39m=[32m"M8 12h13"[39m
                    [36m/>[39m
                    [36m<path[39m
                      [33md[39m=[32m"M8 19h13"[39m
                    [36m/>[39m
                  [36m</svg>[39m
                [36m</button>[39m
                [36m<button[39m
                  [33mtype[39m=[32m"button"[39m
                [36m>[39m
                  [36m<svg[39m
                    [33maria-hidden[39m=[32m"true"[39m
                    [33mclass[39m=[32m"lucide lucide-layout-grid h-3.5 
w-3.5"[39m
                    [33mfill[39m=[32m"none"[39m
                    [33mheight[39m=[32m"24"[39m
                    [33mstroke[39m=[32m"currentColor"[39m
                    [33mstroke-linecap[39m=[32m"round"[39m
                    [33mstroke-linejoin[39m=[32m"round"[39m
                    [33mstroke-width[39m=[32m"2"[39m
                    [33mviewBox[39m=[32m"0 0 24 24"[39m
                    [33mwidth[39m=[32m"24"[39m
                    [33mxmlns[39m=[32m"http://www.w3.org/2000/svg"[39m
                  [36m>[39m
                    [36m<rect[39m
                      [33mheight[39m=[32m"7"[39m
                      [33mrx[39m=[32m"1"[39m
                      [33mwidth[39m=[32m"7"[39m
                      [33mx[39m=[32m"3"[39m
                      [33my[39m=[32m"3"[39m
                    [36m/>[39m
                    [36m<rect[39m
                      [33mheight[39m=[32m"7"[39m
                      [33mrx[39m=[32m"1"[39m
                      [33mwidth[39m=[32m"7"[39m
                      [33mx[39m=[32m"14"[39m
                      [33my[39m=[32m"3"[39m
                    [36m/>[39m
                    [36m<rect[39m
                      [33mheight[39m=[32m"7"[39m
                      [33mrx[39m=[32m"1"[39m
                      [33mwidth[39m=[32m"7"[39m
                      [33mx[39m=[32m"14"[39m
                      [33my[39m=[32m"14"[39m
                    [36m/>[39m
                    [36m<rect[39m
                      [33mheight[39m=[32m"7"[39m
                      [33mrx[39m=[32m"1"[39m
                      [33mwidth[39m=[32m"7"[39m
                      [33mx[39m=[32m"3"[39m
                      [33my[39m=[32m"14"[39m
                    [36m/>[39m
                  [36m</svg>[39m
                [36m</button>[39m
              [36m</div>[39m
            [36m</div>[39m
          [36m</div>[39m
          [36m<div[39m
            [33mclass[39m=[32m"rounded-xl border border-border 
overflow-hidden bg-card"[39m
          [36m>[39m
            [36m<table>[39m
              [36m<thead>[39m
                [36m<tr>[39m
                  [36m<th>[39m
                    [0mName[0m
                  [36m</th>[39m
                  [36m<th>[39m
                    [0mAge[0m
                  [36m</th>[39m
                  [36m<th>[39m
                    [0mLast Visit[0m
                  [36m</th>[39m
                  [36m<th>[39m
                    [0mWeight[0m
                  [36m</th>[39m
                  [36m<th>[39m
                    [0mBMI[0m
                  [36m</th>[39m
                  [36m<th />[39m
                [36m</tr>[39m
              [36m</thead>[39m
              [36m<tbody>[39m
                [36m<tr>[39m
                  [36m<td>[39m
                    [0mLoading patients...[0m
                  [36m</td>[39m
                [36m</tr>[39m
              [36m</tbody>[39m
            [36m</table>[39m
          [36m</div>[39m
          [36m<div[39m
            [33mclass[39m=[32m"flex items-center justify-between mt-3"[39m
          [36m>[39m
            [36m<p[39m
              [33mclass[39m=[32m"text-xs text-muted-foreground"[39m
            [36m>[39m
              [0m0 results[0m
            [36m</p>[39m
            [36m<div[39m
              [33mclass[39m=[32m"flex gap-1"[39m
            [36m>[39m
              [36m<button[39m
                [33mtype[39m=[32m"button"[39m
              [36m>[39m
                [36m<svg[39m
                  [33maria-hidden[39m=[32m"true"[39m
                  [33mclass[39m=[32m"lucide lucide-chevron-left h-3.5 
w-3.5"[39m
                  [33mfill[39m=[32m"none"[39m
                  [33mheight[39m=[32m"24"[39m
                  [33mstroke[39m=[32m"currentColor"[39m
                  [33mstroke-linecap[39m=[32m"round"[39m
                  [33mstroke-linejoin[39m=[32m"round"[39m
                  [33mstroke-width[39m=[32m"2"[39m
                  [33mviewBox[39m=[32m"0 0 24 24"[39m
                  [33mwidth[39m=[32m"24"[39m
                  [33mxmlns[39m=[32m"http://www.w3.org/2000/svg"[39m
                [36m>[39m
                  [36m<path[39m
                    [33md[39m=[32m"m15 18-6-6 6-6"[39m
                  [36m/>[39m
                [36m</svg>[39m
              [36m</button>[39m
              [36m<button[39m
                [33mtype[39m=[32m"button"[39m
              [36m>[39m
                [36m<svg[39m
                  [33maria-hidden[39m=[32m"true"[39m
                  [33mclass[39m=[32m"lucide lucide-chevron-right h-3.5 
w-3.5"[39m
                  [33mfill[39m=[32m"none"[39m
                  [33mheight[39m=[32m"24"[39m
                  [33mstroke[39m=[32m"currentColor"[39m
                  [33mstroke-linecap[39m=[32m"round"[39m
                  [33mstroke-linejoin[39m=[32m"round"[39m
                  [33mstroke-width[39m=[32m"2"[39m
                  [33mviewBox[39m=[32m"0 0 24 24"[39m
                  [33mwidth[39m=[32m"24"[39m
                  [33mxmlns[39m=[32m"http://www.w3.org/2000/svg"[39m
                [36m>[39m
                  [36m<path[39m
                    [33md[39m=[32m"m9 18 6-6-6-6"[39m
                  [36m/>[39m
                [36m</svg>[39m
              [36m</button>[39m
            [36m</div>[39m
          [36m</div>[39m
        [36m</div>[39m
      [36m</div>[39m
    [36m</body>[39m

    [0m [90m 143 |[39m       target[33m:[39m { value[33m:[39m 
[32m"Six"[39m }[33m,[39m
     [90m 144 |[39m     })[33m;[39m
    [31m[1m>[22m[39m[90m 145 |[39m     
expect(screen[33m.[39mgetByText([32m"Patient 
Six"[39m))[33m.[39mtoBeInTheDocument()[33m;[39m
     [90m     |[39m                   [31m[1m^[22m[39m
     [90m 146 |[39m     expect(screen[33m.[39mqueryByText([32m"Patient 
One"[39m))[33m.[39mnot[33m.[39mtoBeInTheDocument()[33m;[39m
     [90m 147 |[39m   })[33m;[39m
     [90m 148 |[39m[0m

      at Object.getElementError 
(node_modules/@testing-library/dom/dist/config.js:37:19)
      at node_modules/@testing-library/dom/dist/query-helpers.js:76:38
      at node_modules/@testing-library/dom/dist/query-helpers.js:52:17
      at node_modules/@testing-library/dom/dist/query-helpers.js:95:19
      at Object.getByText (__tests__/patients-tab.test.tsx:145:19)

  ÔùÅ PatientsTab ÔÇ║ switches to visual mode and supports eye-button 
navigation

    expect(jest.fn()).toHaveBeenCalled()

    Expected number of calls: >= 1
    Received number of calls:    0

    [0m [90m 156 |[39m     
fireEvent[33m.[39mclick(eyeOrNavButtons[[35m2[39m])[33m;[39m
     [90m 157 |[39m
    [31m[1m>[22m[39m[90m 158 |[39m     
expect(pushMock)[33m.[39mtoHaveBeenCalled()[33m;[39m
     [90m     |[39m                      [31m[1m^[22m[39m
     [90m 159 |[39m   })[33m;[39m
     [90m 160 |[39m })[33m;[39m
     [90m 161 |[39m[0m

      at Object.toHaveBeenCalled (__tests__/patients-tab.test.tsx:158:22)

FAIL __tests__/doctors-tab.test.tsx
  ÔùÅ DoctorsTab ÔÇ║ navigates to doctor details and supports search + 
pagination

    TestingLibraryElementError: Unable to find an element with the text: Dr. 
One. This could be because the text is broken up by multiple elements. In this 
case, you can provide a function for your text matcher to make your matcher 
more flexible.

    Ignored nodes: comments, script, style
    [36m<body>[39m
      [36m<div>[39m
        [36m<div>[39m
          [36m<div[39m
            [33mclass[39m=[32m"flex items-center justify-between mb-3"[39m
          [36m>[39m
            [36m<h2[39m
              [33mclass[39m=[32m"font-display text-lg font-semibold 
text-foreground"[39m
            [36m>[39m
              [0mDoctors[0m
            [36m</h2>[39m
            [36m<div[39m
              [33mclass[39m=[32m"flex items-center gap-2"[39m
            [36m>[39m
              [36m<div[39m
                [33mclass[39m=[32m"relative w-56"[39m
              [36m>[39m
                [36m<svg[39m
                  [33maria-hidden[39m=[32m"true"[39m
                  [33mclass[39m=[32m"lucide lucide-search absolute left-2.5 
top-1/2 -translate-y-1/2 h-3.5 w-3.5 text-muted-foreground"[39m
                  [33mfill[39m=[32m"none"[39m
                  [33mheight[39m=[32m"24"[39m
                  [33mstroke[39m=[32m"currentColor"[39m
                  [33mstroke-linecap[39m=[32m"round"[39m
                  [33mstroke-linejoin[39m=[32m"round"[39m
                  [33mstroke-width[39m=[32m"2"[39m
                  [33mviewBox[39m=[32m"0 0 24 24"[39m
                  [33mwidth[39m=[32m"24"[39m
                  [33mxmlns[39m=[32m"http://www.w3.org/2000/svg"[39m
                [36m>[39m
                  [36m<path[39m
                    [33md[39m=[32m"m21 21-4.34-4.34"[39m
                  [36m/>[39m
                  [36m<circle[39m
                    [33mcx[39m=[32m"11"[39m
                    [33mcy[39m=[32m"11"[39m
                    [33mr[39m=[32m"8"[39m
                  [36m/>[39m
                [36m</svg>[39m
                [36m<input[39m
                  [33mplaceholder[39m=[32m"Search..."[39m
                  [33mvalue[39m=[32m""[39m
                [36m/>[39m
              [36m</div>[39m
              [36m<button[39m
                [33mtype[39m=[32m"button"[39m
              [36m>[39m
                [36m<svg[39m
                  [33maria-hidden[39m=[32m"true"[39m
                  [33mclass[39m=[32m"lucide lucide-plus h-3.5 w-3.5 
mr-1"[39m
                  [33mfill[39m=[32m"none"[39m
                  [33mheight[39m=[32m"24"[39m
                  [33mstroke[39m=[32m"currentColor"[39m
                  [33mstroke-linecap[39m=[32m"round"[39m
                  [33mstroke-linejoin[39m=[32m"round"[39m
                  [33mstroke-width[39m=[32m"2"[39m
                  [33mviewBox[39m=[32m"0 0 24 24"[39m
                  [33mwidth[39m=[32m"24"[39m
                  [33mxmlns[39m=[32m"http://www.w3.org/2000/svg"[39m
                [36m>[39m
                  [36m<path[39m
                    [33md[39m=[32m"M5 12h14"[39m
                  [36m/>[39m
                  [36m<path[39m
                    [33md[39m=[32m"M12 5v14"[39m
                  [36m/>[39m
                [36m</svg>[39m
                [0m Add Doctor[0m
              [36m</button>[39m
            [36m</div>[39m
          [36m</div>[39m
          [36m<div[39m
            [33mclass[39m=[32m"rounded-xl border border-border 
overflow-hidden bg-card"[39m
          [36m>[39m
            [36m<table>[39m
              [36m<thead>[39m
                [36m<tr>[39m
                  [36m<th>[39m
                    [0mName[0m
                  [36m</th>[39m
                  [36m<th>[39m
                    [0mAge[0m
                  [36m</th>[39m
                  [36m<th>[39m
                    [0mEmail[0m
                  [36m</th>[39m
                  [36m<th />[39m
                [36m</tr>[39m
              [36m</thead>[39m
              [36m<tbody>[39m
                [36m<tr>[39m
                  [36m<td>[39m
                    [0mLoading doctors...[0m
                  [36m</td>[39m
                [36m</tr>[39m
              [36m</tbody>[39m
            [36m</table>[39m
          [36m</div>[39m
          [36m<div[39m
            [33mclass[39m=[32m"flex items-center justify-between mt-3"[39m
          [36m>[39m
            [36m<p[39m
              [33mclass[39m=[32m"text-xs text-muted-foreground"[39m
            [36m>[39m
              [0m0 results[0m
            [36m</p>[39m
            [36m<div[39m
              [33mclass[39m=[32m"flex gap-1"[39m
            [36m>[39m
              [36m<button[39m
                [33mtype[39m=[32m"button"[39m
              [36m>[39m
                [36m<svg[39m
                  [33maria-hidden[39m=[32m"true"[39m
                  [33mclass[39m=[32m"lucide lucide-chevron-left h-3.5 
w-3.5"[39m
                  [33mfill[39m=[32m"none"[39m
                  [33mheight[39m=[32m"24"[39m
                  [33mstroke[39m=[32m"currentColor"[39m
                  [33mstroke-linecap[39m=[32m"round"[39m
                  [33mstroke-linejoin[39m=[32m"round"[39m
                  [33mstroke-width[39m=[32m"2"[39m
                  [33mviewBox[39m=[32m"0 0 24 24"[39m
                  [33mwidth[39m=[32m"24"[39m
                  [33mxmlns[39m=[32m"http://www.w3.org/2000/svg"[39m
                [36m>[39m
                  [36m<path[39m
                    [33md[39m=[32m"m15 18-6-6 6-6"[39m
                  [36m/>[39m
                [36m</svg>[39m
              [36m</button>[39m
              [36m<button[39m
                [33mtype[39m=[32m"button"[39m
              [36m>[39m
                [36m<svg[39m
                  [33maria-hidden[39m=[32m"true"[39m
                  [33mclass[39m=[32m"lucide lucide-chevron-right h-3.5 
w-3.5"[39m
                  [33mfill[39m=[32m"none"[39m
                  [33mheight[39m=[32m"24"[39m
                  [33mstroke[39m=[32m"currentColor"[39m
                  [33mstroke-linecap[39m=[32m"round"[39m
                  [33mstroke-linejoin[39m=[32m"round"[39m
                  [33mstroke-width[39m=[32m"2"[39m
                  [33mviewBox[39m=[32m"0 0 24 24"[39m
                  [33mwidth[39m=[32m"24"[39m
                  [33mxmlns[39m=[32m"http://www.w3.org/2000/svg"[39m
                [36m>[39m
                  [36m<path[39m
                    [33md[39m=[32m"m9 18 6-6-6-6"[39m
                  [36m/>[39m
                [36m</svg>[39m
              [36m</button>[39m
            [36m</div>[39m
          [36m</div>[39m
        [36m</div>[39m
      [36m</div>[39m
    [36m</body>[39m

    [0m [90m 147 |[39m     render([33m<[39m[33mDoctorsTab[39m 
[33m/[39m[33m>[39m)[33m;[39m
     [90m 148 |[39m
    [31m[1m>[22m[39m[90m 149 |[39m     
fireEvent[33m.[39mclick(screen[33m.[39mgetByText([32m"Dr. 
One"[39m))[33m;[39m
     [90m     |[39m                            [31m[1m^[22m[39m
     [90m 150 |[39m     expect(pushMock)[33m.[39mtoHaveBeenCalledWith([32m
"/dashboard/doctor/1"[39m)[33m;[39m
     [90m 151 |[39m
     [90m 152 |[39m     fireEvent[33m.[39mchange(screen[33m.[39mgetByPlac
eholderText([32m"Search..."[39m)[33m,[39m {[0m

      at Object.getElementError 
(node_modules/@testing-library/dom/dist/config.js:37:19)
      at node_modules/@testing-library/dom/dist/query-helpers.js:76:38
      at node_modules/@testing-library/dom/dist/query-helpers.js:52:17
      at node_modules/@testing-library/dom/dist/query-helpers.js:95:19
      at Object.getByText (__tests__/doctors-tab.test.tsx:149:28)

  ÔùÅ DoctorsTab ÔÇ║ adds doctor with valid input and shows success

    expect(jest.fn()).toHaveBeenCalled()

    Expected number of calls: >= 1
    Received number of calls:    0

    [0m [90m 190 |[39m     
fireEvent[33m.[39mclick(addButtons[[35m1[39m])[33m;[39m
     [90m 191 |[39m
    [31m[1m>[22m[39m[90m 192 |[39m     
expect(doctorService[33m.[39madd)[33m.[39mtoHaveBeenCalled()[33m;[39m
     [90m     |[39m                               [31m[1m^[22m[39m
     [90m 193 |[39m     
expect(toast[33m.[39msuccess)[33m.[39mtoHaveBeenCalledWith(
     [90m 194 |[39m       [32m"Doctor added successfully 
(prototype)"[39m[33m,[39m
     [90m 195 |[39m     )[33m;[39m[0m

      at Object.toHaveBeenCalled (__tests__/doctors-tab.test.tsx:192:31)

  ÔùÅ DoctorsTab ÔÇ║ switches to visual mode

    TestingLibraryElementError: Unable to find an element with the text: Dr. 
One. This could be because the text is broken up by multiple elements. In this 
case, you can provide a function for your text matcher to make your matcher 
more flexible.

    Ignored nodes: comments, script, style
    [36m<body>[39m
      [36m<div>[39m
        [36m<div>[39m
          [36m<div[39m
            [33mclass[39m=[32m"flex items-center justify-between mb-3"[39m
          [36m>[39m
            [36m<h2[39m
              [33mclass[39m=[32m"font-display text-lg font-semibold 
text-foreground"[39m
            [36m>[39m
              [0mDoctors[0m
            [36m</h2>[39m
            [36m<div[39m
              [33mclass[39m=[32m"flex items-center gap-2"[39m
            [36m>[39m
              [36m<div[39m
                [33mclass[39m=[32m"relative w-56"[39m
              [36m>[39m
                [36m<svg[39m
                  [33maria-hidden[39m=[32m"true"[39m
                  [33mclass[39m=[32m"lucide lucide-search absolute left-2.5 
top-1/2 -translate-y-1/2 h-3.5 w-3.5 text-muted-foreground"[39m
                  [33mfill[39m=[32m"none"[39m
                  [33mheight[39m=[32m"24"[39m
                  [33mstroke[39m=[32m"currentColor"[39m
                  [33mstroke-linecap[39m=[32m"round"[39m
                  [33mstroke-linejoin[39m=[32m"round"[39m
                  [33mstroke-width[39m=[32m"2"[39m
                  [33mviewBox[39m=[32m"0 0 24 24"[39m
                  [33mwidth[39m=[32m"24"[39m
                  [33mxmlns[39m=[32m"http://www.w3.org/2000/svg"[39m
                [36m>[39m
                  [36m<path[39m
                    [33md[39m=[32m"m21 21-4.34-4.34"[39m
                  [36m/>[39m
                  [36m<circle[39m
                    [33mcx[39m=[32m"11"[39m
                    [33mcy[39m=[32m"11"[39m
                    [33mr[39m=[32m"8"[39m
                  [36m/>[39m
                [36m</svg>[39m
                [36m<input[39m
                  [33mplaceholder[39m=[32m"Search..."[39m
                  [33mvalue[39m=[32m""[39m
                [36m/>[39m
              [36m</div>[39m
              [36m<button[39m
                [33mtype[39m=[32m"button"[39m
              [36m>[39m
                [36m<svg[39m
                  [33maria-hidden[39m=[32m"true"[39m
                  [33mclass[39m=[32m"lucide lucide-plus h-3.5 w-3.5 
mr-1"[39m
                  [33mfill[39m=[32m"none"[39m
                  [33mheight[39m=[32m"24"[39m
                  [33mstroke[39m=[32m"currentColor"[39m
                  [33mstroke-linecap[39m=[32m"round"[39m
                  [33mstroke-linejoin[39m=[32m"round"[39m
                  [33mstroke-width[39m=[32m"2"[39m
                  [33mviewBox[39m=[32m"0 0 24 24"[39m
                  [33mwidth[39m=[32m"24"[39m
                  [33mxmlns[39m=[32m"http://www.w3.org/2000/svg"[39m
                [36m>[39m
                  [36m<path[39m
                    [33md[39m=[32m"M5 12h14"[39m
                  [36m/>[39m
                  [36m<path[39m
                    [33md[39m=[32m"M12 5v14"[39m
                  [36m/>[39m
                [36m</svg>[39m
                [0m Add Doctor[0m
              [36m</button>[39m
            [36m</div>[39m
          [36m</div>[39m
          [36m<div[39m
            [33mclass[39m=[32m"rounded-xl border border-border 
overflow-hidden bg-card"[39m
          [36m>[39m
            [36m<table>[39m
              [36m<thead>[39m
                [36m<tr>[39m
                  [36m<th>[39m
                    [0mName[0m
                  [36m</th>[39m
                  [36m<th>[39m
                    [0mAge[0m
                  [36m</th>[39m
                  [36m<th>[39m
                    [0mEmail[0m
                  [36m</th>[39m
                  [36m<th />[39m
                [36m</tr>[39m
              [36m</thead>[39m
              [36m<tbody>[39m
                [36m<tr>[39m
                  [36m<td>[39m
                    [0mLoading doctors...[0m
                  [36m</td>[39m
                [36m</tr>[39m
              [36m</tbody>[39m
            [36m</table>[39m
          [36m</div>[39m
          [36m<div[39m
            [33mclass[39m=[32m"flex items-center justify-between mt-3"[39m
          [36m>[39m
            [36m<p[39m
              [33mclass[39m=[32m"text-xs text-muted-foreground"[39m
            [36m>[39m
              [0m0 results[0m
            [36m</p>[39m
            [36m<div[39m
              [33mclass[39m=[32m"flex gap-1"[39m
            [36m>[39m
              [36m<button[39m
                [33mtype[39m=[32m"button"[39m
              [36m>[39m
                [36m<svg[39m
                  [33maria-hidden[39m=[32m"true"[39m
                  [33mclass[39m=[32m"lucide lucide-chevron-left h-3.5 
w-3.5"[39m
                  [33mfill[39m=[32m"none"[39m
                  [33mheight[39m=[32m"24"[39m
                  [33mstroke[39m=[32m"currentColor"[39m
                  [33mstroke-linecap[39m=[32m"round"[39m
                  [33mstroke-linejoin[39m=[32m"round"[39m
                  [33mstroke-width[39m=[32m"2"[39m
                  [33mviewBox[39m=[32m"0 0 24 24"[39m
                  [33mwidth[39m=[32m"24"[39m
                  [33mxmlns[39m=[32m"http://www.w3.org/2000/svg"[39m
                [36m>[39m
                  [36m<path[39m
                    [33md[39m=[32m"m15 18-6-6 6-6"[39m
                  [36m/>[39m
                [36m</svg>[39m
              [36m</button>[39m
              [36m<button[39m
                [33mtype[39m=[32m"button"[39m
              [36m>[39m
                [36m<svg[39m
                  [33maria-hidden[39m=[32m"true"[39m
                  [33mclass[39m=[32m"lucide lucide-chevron-right h-3.5 
w-3.5"[39m
                  [33mfill[39m=[32m"none"[39m
                  [33mheight[39m=[32m"24"[39m
                  [33mstroke[39m=[32m"currentColor"[39m
                  [33mstroke-linecap[39m=[32m"round"[39m
                  [33mstroke-linejoin[39m=[32m"round"[39m
                  [33mstroke-width[39m=[32m"2"[39m
                  [33mviewBox[39m=[32m"0 0 24 24"[39m
                  [33mwidth[39m=[32m"24"[39m
                  [33mxmlns[39m=[32m"http://www.w3.org/2000/svg"[39m
                [36m>[39m
                  [36m<path[39m
                    [33md[39m=[32m"m9 18 6-6-6-6"[39m
                  [36m/>[39m
                [36m</svg>[39m
              [36m</button>[39m
            [36m</div>[39m
          [36m</div>[39m
        [36m</div>[39m
      [36m</div>[39m
    [36m</body>[39m

    [0m [90m 223 |[39m     
fireEvent[33m.[39mclick(buttons[[35m1[39m])[33m;[39m
     [90m 224 |[39m
    [31m[1m>[22m[39m[90m 225 |[39m     
expect(screen[33m.[39mgetByText([32m"Dr. 
One"[39m))[33m.[39mtoBeInTheDocument()[33m;[39m
     [90m     |[39m                   [31m[1m^[22m[39m
     [90m 226 |[39m   })[33m;[39m
     [90m 227 |[39m })[33m;[39m
     [90m 228 |[39m[0m

      at Object.getElementError 
(node_modules/@testing-library/dom/dist/config.js:37:19)
      at node_modules/@testing-library/dom/dist/query-helpers.js:76:38
      at node_modules/@testing-library/dom/dist/query-helpers.js:52:17
      at node_modules/@testing-library/dom/dist/query-helpers.js:95:19
      at Object.getByText (__tests__/doctors-tab.test.tsx:225:19)


Test Suites: 7 failed, 14 passed, 21 total
Tests:       12 failed, 50 passed, 62 total
Snapshots:   0 total
Time:        8.077 s
Ran all test suites.
